Mar  7 09:41:39 ManageNode kernel: [    0.000000] Linux version 5.4.0-84-generic (buildd@lcy01-amd64-007) (gcc version 7.5.0 (Ubuntu 7.5.0-3ubuntu1~18.04)) #94~18.04.1-Ubuntu SMP Thu Aug 26 23:17:46 UTC 2021 (Ubuntu 5.4.0-84.94~18.04.1-generic 5.4.133)
Mar  7 09:41:39 ManageNode kernel: [    0.000000] Command line: BOOT_IMAGE=/boot/vmlinuz-5.4.0-84-generic root=UUID=fe70473f-2e68-425a-b406-83d7042dd58b ro quiet splash
Mar  7 09:41:39 ManageNode kernel: [    0.000000] KERNEL supported cpus:
Mar  7 09:41:39 ManageNode kernel: [    0.000000]   Intel GenuineIntel
Mar  7 09:41:39 ManageNode kernel: [    0.000000]   AMD AuthenticAMD
Mar  7 09:41:39 ManageNode kernel: [    0.000000]   Hygon HygonGenuine
Mar  7 09:41:39 ManageNode kernel: [    0.000000]   Centaur CentaurHauls
Mar  7 09:41:39 ManageNode kernel: [    0.000000]   zhaoxin   Shanghai  
Mar  7 09:41:39 ManageNode kernel: [    0.000000] x86/fpu: Supporting XSAVE feature 0x001: 'x87 floating point registers'
Mar  7 09:41:39 ManageNode kernel: [    0.000000] x86/fpu: Supporting XSAVE feature 0x002: 'SSE registers'
Mar  7 09:41:39 ManageNode kernel: [    0.000000] x86/fpu: Supporting XSAVE feature 0x004: 'AVX registers'
Mar  7 09:41:39 ManageNode kernel: [    0.000000] x86/fpu: xstate_offset[2]:  576, xstate_sizes[2]:  256
Mar  7 09:41:39 ManageNode kernel: [    0.000000] x86/fpu: Enabled xstate features 0x7, context size is 832 bytes, using 'standard' format.
Mar  7 09:41:39 ManageNode kernel: [    0.000000] BIOS-provided physical RAM map:
Mar  7 09:41:39 ManageNode kernel: [    0.000000] BIOS-e820: [mem 0x0000000000000000-0x000000000009fbff] usable
Mar  7 09:41:39 ManageNode kernel: [    0.000000] BIOS-e820: [mem 0x000000000009fc00-0x000000000009ffff] reserved
Mar  7 09:41:39 ManageNode kernel: [    0.000000] BIOS-e820: [mem 0x00000000000f0000-0x00000000000fffff] reserved
Mar  7 09:41:39 ManageNode kernel: [    0.000000] BIOS-e820: [mem 0x0000000000100000-0x00000000dffeffff] usable
Mar  7 09:41:39 ManageNode kernel: [    0.000000] BIOS-e820: [mem 0x00000000dfff0000-0x00000000dfffffff] ACPI data
Mar  7 09:41:39 ManageNode kernel: [    0.000000] BIOS-e820: [mem 0x00000000fec00000-0x00000000fec00fff] reserved
Mar  7 09:41:39 ManageNode kernel: [    0.000000] BIOS-e820: [mem 0x00000000fee00000-0x00000000fee00fff] reserved
Mar  7 09:41:39 ManageNode kernel: [    0.000000] BIOS-e820: [mem 0x00000000fffc0000-0x00000000ffffffff] reserved
Mar  7 09:41:39 ManageNode kernel: [    0.000000] BIOS-e820: [mem 0x0000000100000000-0x000000011fffffff] usable
Mar  7 09:41:39 ManageNode kernel: [    0.000000] NX (Execute Disable) protection: active
Mar  7 09:41:39 ManageNode kernel: [    0.000000] SMBIOS 2.5 present.
Mar  7 09:41:39 ManageNode kernel: [    0.000000] DMI: innotek GmbH VirtualBox/VirtualBox, BIOS VirtualBox 12/01/2006
Mar  7 09:41:39 ManageNode kernel: [    0.000000] Hypervisor detected: KVM
Mar  7 09:41:39 ManageNode kernel: [    0.000000] kvm-clock: Using msrs 4b564d01 and 4b564d00
Mar  7 09:41:39 ManageNode kernel: [    0.000000] kvm-clock: cpu 0, msr 94801001, primary cpu clock
Mar  7 09:41:39 ManageNode kernel: [    0.000000] kvm-clock: using sched offset of 3485838803 cycles
Mar  7 09:41:39 ManageNode kernel: [    0.000002] clocksource: kvm-clock: mask: 0xffffffffffffffff max_cycles: 0x1cd42e4dffb, max_idle_ns: 881590591483 ns
Mar  7 09:41:39 ManageNode kernel: [    0.000003] tsc: Detected 2112.004 MHz processor
Mar  7 09:41:39 ManageNode kernel: [    0.002282] e820: update [mem 0x00000000-0x00000fff] usable ==> reserved
Mar  7 09:41:39 ManageNode kernel: [    0.002283] e820: remove [mem 0x000a0000-0x000fffff] usable
Mar  7 09:41:39 ManageNode kernel: [    0.002286] last_pfn = 0x120000 max_arch_pfn = 0x400000000
Mar  7 09:41:39 ManageNode kernel: [    0.002294] MTRR default type: uncachable
Mar  7 09:41:39 ManageNode kernel: [    0.002295] MTRR variable ranges disabled:
Mar  7 09:41:39 ManageNode kernel: [    0.002296] Disabled
Mar  7 09:41:39 ManageNode kernel: [    0.002297] x86/PAT: MTRRs disabled, skipping PAT initialization too.
Mar  7 09:41:39 ManageNode kernel: [    0.002299] CPU MTRRs all blank - virtualized system.
Mar  7 09:41:39 ManageNode kernel: [    0.002301] x86/PAT: Configuration [0-7]: WB  WT  UC- UC  WB  WT  UC- UC  
Mar  7 09:41:39 ManageNode kernel: [    0.002305] last_pfn = 0xdfff0 max_arch_pfn = 0x400000000
Mar  7 09:41:39 ManageNode kernel: [    0.002349] found SMP MP-table at [mem 0x0009fff0-0x0009ffff]
Mar  7 09:41:39 ManageNode kernel: [    0.075634] check: Scanning 1 areas for low memory corruption
Mar  7 09:41:39 ManageNode kernel: [    0.075988] RAMDISK: [mem 0x32d5f000-0x356a6fff]
Mar  7 09:41:39 ManageNode kernel: [    0.075995] ACPI: Early table checksum verification disabled
Mar  7 09:41:39 ManageNode kernel: [    0.076000] ACPI: RSDP 0x00000000000E0000 000024 (v02 VBOX  )
Mar  7 09:41:39 ManageNode kernel: [    0.076003] ACPI: XSDT 0x00000000DFFF0030 00003C (v01 VBOX   VBOXXSDT 00000001 ASL  00000061)
Mar  7 09:41:39 ManageNode kernel: [    0.076007] ACPI: FACP 0x00000000DFFF00F0 0000F4 (v04 VBOX   VBOXFACP 00000001 ASL  00000061)
Mar  7 09:41:39 ManageNode kernel: [    0.076012] ACPI: DSDT 0x00000000DFFF0610 002353 (v02 VBOX   VBOXBIOS 00000002 INTL 20100528)
Mar  7 09:41:39 ManageNode kernel: [    0.076014] ACPI: FACS 0x00000000DFFF0200 000040
Mar  7 09:41:39 ManageNode kernel: [    0.076016] ACPI: FACS 0x00000000DFFF0200 000040
Mar  7 09:41:39 ManageNode kernel: [    0.076018] ACPI: APIC 0x00000000DFFF0240 000054 (v02 VBOX   VBOXAPIC 00000001 ASL  00000061)
Mar  7 09:41:39 ManageNode kernel: [    0.076024] ACPI: SSDT 0x00000000DFFF02A0 00036C (v01 VBOX   VBOXCPUT 00000002 INTL 20100528)
Mar  7 09:41:39 ManageNode kernel: [    0.076028] ACPI: Reserving FACP table memory at [mem 0xdfff00f0-0xdfff01e3]
Mar  7 09:41:39 ManageNode kernel: [    0.076028] ACPI: Reserving DSDT table memory at [mem 0xdfff0610-0xdfff2962]
Mar  7 09:41:39 ManageNode kernel: [    0.076029] ACPI: Reserving FACS table memory at [mem 0xdfff0200-0xdfff023f]
Mar  7 09:41:39 ManageNode kernel: [    0.076029] ACPI: Reserving FACS table memory at [mem 0xdfff0200-0xdfff023f]
Mar  7 09:41:39 ManageNode kernel: [    0.076029] ACPI: Reserving APIC table memory at [mem 0xdfff0240-0xdfff0293]
Mar  7 09:41:39 ManageNode kernel: [    0.076030] ACPI: Reserving SSDT table memory at [mem 0xdfff02a0-0xdfff060b]
Mar  7 09:41:39 ManageNode kernel: [    0.076060] ACPI: Local APIC address 0xfee00000
Mar  7 09:41:39 ManageNode kernel: [    0.076320] No NUMA configuration found
Mar  7 09:41:39 ManageNode kernel: [    0.076321] Faking a node at [mem 0x0000000000000000-0x000000011fffffff]
Mar  7 09:41:39 ManageNode kernel: [    0.076328] NODE_DATA(0) allocated [mem 0x11ffd1000-0x11fffbfff]
Mar  7 09:41:39 ManageNode kernel: [    0.076667] Zone ranges:
Mar  7 09:41:39 ManageNode kernel: [    0.076668]   DMA      [mem 0x0000000000001000-0x0000000000ffffff]
Mar  7 09:41:39 ManageNode kernel: [    0.076669]   DMA32    [mem 0x0000000001000000-0x00000000ffffffff]
Mar  7 09:41:39 ManageNode kernel: [    0.076670]   Normal   [mem 0x0000000100000000-0x000000011fffffff]
Mar  7 09:41:39 ManageNode kernel: [    0.076670]   Device   empty
Mar  7 09:41:39 ManageNode kernel: [    0.076671] Movable zone start for each node
Mar  7 09:41:39 ManageNode kernel: [    0.076673] Early memory node ranges
Mar  7 09:41:39 ManageNode kernel: [    0.076673]   node   0: [mem 0x0000000000001000-0x000000000009efff]
Mar  7 09:41:39 ManageNode kernel: [    0.076674]   node   0: [mem 0x0000000000100000-0x00000000dffeffff]
Mar  7 09:41:39 ManageNode kernel: [    0.076675]   node   0: [mem 0x0000000100000000-0x000000011fffffff]
Mar  7 09:41:39 ManageNode kernel: [    0.077126] Zeroed struct page in unavailable ranges: 114 pages
Mar  7 09:41:39 ManageNode kernel: [    0.077127] Initmem setup node 0 [mem 0x0000000000001000-0x000000011fffffff]
Mar  7 09:41:39 ManageNode kernel: [    0.077128] On node 0 totalpages: 1048462
Mar  7 09:41:39 ManageNode kernel: [    0.077130]   DMA zone: 64 pages used for memmap
Mar  7 09:41:39 ManageNode kernel: [    0.077130]   DMA zone: 21 pages reserved
Mar  7 09:41:39 ManageNode kernel: [    0.077131]   DMA zone: 3998 pages, LIFO batch:0
Mar  7 09:41:39 ManageNode kernel: [    0.077169]   DMA32 zone: 14272 pages used for memmap
Mar  7 09:41:39 ManageNode kernel: [    0.077169]   DMA32 zone: 913392 pages, LIFO batch:63
Mar  7 09:41:39 ManageNode kernel: [    0.090848]   Normal zone: 2048 pages used for memmap
Mar  7 09:41:39 ManageNode kernel: [    0.090850]   Normal zone: 131072 pages, LIFO batch:31
Mar  7 09:41:39 ManageNode kernel: [    0.093110] ACPI: PM-Timer IO Port: 0x4008
Mar  7 09:41:39 ManageNode kernel: [    0.093113] ACPI: Local APIC address 0xfee00000
Mar  7 09:41:39 ManageNode kernel: [    0.093163] IOAPIC[0]: apic_id 1, version 32, address 0xfec00000, GSI 0-23
Mar  7 09:41:39 ManageNode kernel: [    0.093166] ACPI: INT_SRC_OVR (bus 0 bus_irq 0 global_irq 2 dfl dfl)
Mar  7 09:41:39 ManageNode kernel: [    0.093167] ACPI: INT_SRC_OVR (bus 0 bus_irq 9 global_irq 9 low level)
Mar  7 09:41:39 ManageNode kernel: [    0.093168] ACPI: IRQ0 used by override.
Mar  7 09:41:39 ManageNode kernel: [    0.093169] ACPI: IRQ9 used by override.
Mar  7 09:41:39 ManageNode kernel: [    0.093170] Using ACPI (MADT) for SMP configuration information
Mar  7 09:41:39 ManageNode kernel: [    0.093175] smpboot: Allowing 1 CPUs, 0 hotplug CPUs
Mar  7 09:41:39 ManageNode kernel: [    0.093192] PM: Registered nosave memory: [mem 0x00000000-0x00000fff]
Mar  7 09:41:39 ManageNode kernel: [    0.093193] PM: Registered nosave memory: [mem 0x0009f000-0x0009ffff]
Mar  7 09:41:39 ManageNode kernel: [    0.093193] PM: Registered nosave memory: [mem 0x000a0000-0x000effff]
Mar  7 09:41:39 ManageNode kernel: [    0.093193] PM: Registered nosave memory: [mem 0x000f0000-0x000fffff]
Mar  7 09:41:39 ManageNode kernel: [    0.093194] PM: Registered nosave memory: [mem 0xdfff0000-0xdfffffff]
Mar  7 09:41:39 ManageNode kernel: [    0.093194] PM: Registered nosave memory: [mem 0xe0000000-0xfebfffff]
Mar  7 09:41:39 ManageNode kernel: [    0.093195] PM: Registered nosave memory: [mem 0xfec00000-0xfec00fff]
Mar  7 09:41:39 ManageNode kernel: [    0.093195] PM: Registered nosave memory: [mem 0xfec01000-0xfedfffff]
Mar  7 09:41:39 ManageNode kernel: [    0.093195] PM: Registered nosave memory: [mem 0xfee00000-0xfee00fff]
Mar  7 09:41:39 ManageNode kernel: [    0.093196] PM: Registered nosave memory: [mem 0xfee01000-0xfffbffff]
Mar  7 09:41:39 ManageNode kernel: [    0.093196] PM: Registered nosave memory: [mem 0xfffc0000-0xffffffff]
Mar  7 09:41:39 ManageNode kernel: [    0.093197] [mem 0xe0000000-0xfebfffff] available for PCI devices
Mar  7 09:41:39 ManageNode kernel: [    0.093198] Booting paravirtualized kernel on KVM
Mar  7 09:41:39 ManageNode kernel: [    0.093200] clocksource: refined-jiffies: mask: 0xffffffff max_cycles: 0xffffffff, max_idle_ns: 7645519600211568 ns
Mar  7 09:41:39 ManageNode kernel: [    0.093203] setup_percpu: NR_CPUS:8192 nr_cpumask_bits:1 nr_cpu_ids:1 nr_node_ids:1
Mar  7 09:41:39 ManageNode kernel: [    0.093458] percpu: Embedded 55 pages/cpu s188416 r8192 d28672 u2097152
Mar  7 09:41:39 ManageNode kernel: [    0.093462] pcpu-alloc: s188416 r8192 d28672 u2097152 alloc=1*2097152
Mar  7 09:41:39 ManageNode kernel: [    0.093463] pcpu-alloc: [0] 0 
Mar  7 09:41:39 ManageNode kernel: [    0.093481] Built 1 zonelists, mobility grouping on.  Total pages: 1032057
Mar  7 09:41:39 ManageNode kernel: [    0.093482] Policy zone: Normal
Mar  7 09:41:39 ManageNode kernel: [    0.093483] Kernel command line: BOOT_IMAGE=/boot/vmlinuz-5.4.0-84-generic root=UUID=fe70473f-2e68-425a-b406-83d7042dd58b ro quiet splash
Mar  7 09:41:39 ManageNode kernel: [    0.094017] Dentry cache hash table entries: 524288 (order: 10, 4194304 bytes, linear)
Mar  7 09:41:39 ManageNode kernel: [    0.094249] Inode-cache hash table entries: 262144 (order: 9, 2097152 bytes, linear)
Mar  7 09:41:39 ManageNode kernel: [    0.094281] mem auto-init: stack:off, heap alloc:on, heap free:off
Mar  7 09:41:39 ManageNode kernel: [    0.099497] Calgary: detecting Calgary via BIOS EBDA area
Mar  7 09:41:39 ManageNode kernel: [    0.099499] Calgary: Unable to locate Rio Grande table in EBDA - bailing!
Mar  7 09:41:39 ManageNode kernel: [    0.106634] Memory: 3980612K/4193848K available (14339K kernel code, 2381K rwdata, 4984K rodata, 2716K init, 5004K bss, 213236K reserved, 0K cma-reserved)
Mar  7 09:41:39 ManageNode kernel: [    0.106640] random: get_random_u64 called from __kmem_cache_create+0x41/0x550 with crng_init=0
Mar  7 09:41:39 ManageNode kernel: [    0.106927] SLUB: HWalign=64, Order=0-3, MinObjects=0, CPUs=1, Nodes=1
Mar  7 09:41:39 ManageNode kernel: [    0.106938] ftrace: allocating 44320 entries in 174 pages
Mar  7 09:41:39 ManageNode kernel: [    0.119577] rcu: Hierarchical RCU implementation.
Mar  7 09:41:39 ManageNode kernel: [    0.119579] rcu: 	RCU restricting CPUs from NR_CPUS=8192 to nr_cpu_ids=1.
Mar  7 09:41:39 ManageNode kernel: [    0.119580] 	Tasks RCU enabled.
Mar  7 09:41:39 ManageNode kernel: [    0.119580] rcu: RCU calculated value of scheduler-enlistment delay is 25 jiffies.
Mar  7 09:41:39 ManageNode kernel: [    0.119581] rcu: Adjusting geometry for rcu_fanout_leaf=16, nr_cpu_ids=1
Mar  7 09:41:39 ManageNode kernel: [    0.121570] NR_IRQS: 524544, nr_irqs: 256, preallocated irqs: 16
Mar  7 09:41:39 ManageNode kernel: [    0.121907] random: crng done (trusting CPU's manufacturer)
Mar  7 09:41:39 ManageNode kernel: [    0.128807] Console: colour VGA+ 80x25
Mar  7 09:41:39 ManageNode kernel: [    0.128810] printk: console [tty0] enabled
Mar  7 09:41:39 ManageNode kernel: [    0.128826] ACPI: Core revision 20190816
Mar  7 09:41:39 ManageNode kernel: [    0.128907] APIC: Switch to symmetric I/O mode setup
Mar  7 09:41:39 ManageNode kernel: [    0.129093] x2apic enabled
Mar  7 09:41:39 ManageNode kernel: [    0.129271] Switched APIC routing to physical x2apic.
Mar  7 09:41:39 ManageNode kernel: [    0.130103] ..TIMER: vector=0x30 apic1=0 pin1=2 apic2=-1 pin2=-1
Mar  7 09:41:39 ManageNode kernel: [    0.130122] clocksource: tsc-early: mask: 0xffffffffffffffff max_cycles: 0x1e717c37157, max_idle_ns: 440795284133 ns
Mar  7 09:41:39 ManageNode kernel: [    0.130126] Calibrating delay loop (skipped) preset value.. 4224.00 BogoMIPS (lpj=8448016)
Mar  7 09:41:39 ManageNode kernel: [    0.130127] pid_max: default: 32768 minimum: 301
Mar  7 09:41:39 ManageNode kernel: [    0.130152] LSM: Security Framework initializing
Mar  7 09:41:39 ManageNode kernel: [    0.130159] Yama: becoming mindful.
Mar  7 09:41:39 ManageNode kernel: [    0.130174] AppArmor: AppArmor initialized
Mar  7 09:41:39 ManageNode kernel: [    0.130203] Mount-cache hash table entries: 8192 (order: 4, 65536 bytes, linear)
Mar  7 09:41:39 ManageNode kernel: [    0.130208] Mountpoint-cache hash table entries: 8192 (order: 4, 65536 bytes, linear)
Mar  7 09:41:39 ManageNode kernel: [    0.130220] *** VALIDATE tmpfs ***
Mar  7 09:41:39 ManageNode kernel: [    0.130315] *** VALIDATE proc ***
Mar  7 09:41:39 ManageNode kernel: [    0.130345] *** VALIDATE cgroup1 ***
Mar  7 09:41:39 ManageNode kernel: [    0.130346] *** VALIDATE cgroup2 ***
Mar  7 09:41:39 ManageNode kernel: [    0.130453] process: using mwait in idle threads
Mar  7 09:41:39 ManageNode kernel: [    0.130456] Last level iTLB entries: 4KB 64, 2MB 8, 4MB 8
Mar  7 09:41:39 ManageNode kernel: [    0.130457] Last level dTLB entries: 4KB 64, 2MB 0, 4MB 0, 1GB 4
Mar  7 09:41:39 ManageNode kernel: [    0.130460] Spectre V1 : Mitigation: usercopy/swapgs barriers and __user pointer sanitization
Mar  7 09:41:39 ManageNode kernel: [    0.130461] Spectre V2 : Mitigation: Full generic retpoline
Mar  7 09:41:39 ManageNode kernel: [    0.130461] Spectre V2 : Spectre v2 / SpectreRSB mitigation: Filling RSB on context switch
Mar  7 09:41:39 ManageNode kernel: [    0.130461] Speculative Store Bypass: Vulnerable
Mar  7 09:41:39 ManageNode kernel: [    0.130463] SRBDS: Mitigation: TSX disabled
Mar  7 09:41:39 ManageNode kernel: [    0.134456] Freeing SMP alternatives memory: 40K
Mar  7 09:41:39 ManageNode kernel: [    0.244134] smpboot: CPU0: Intel(R) Core(TM) i5-10210U CPU @ 1.60GHz (family: 0x6, model: 0x8e, stepping: 0xc)
Mar  7 09:41:39 ManageNode kernel: [    0.244352] Performance Events: unsupported p6 CPU model 142 no PMU driver, software events only.
Mar  7 09:41:39 ManageNode kernel: [    0.244394] rcu: Hierarchical SRCU implementation.
Mar  7 09:41:39 ManageNode kernel: [    0.245156] NMI watchdog: Perf NMI watchdog permanently disabled
Mar  7 09:41:39 ManageNode kernel: [    0.245177] smp: Bringing up secondary CPUs ...
Mar  7 09:41:39 ManageNode kernel: [    0.245178] smp: Brought up 1 node, 1 CPU
Mar  7 09:41:39 ManageNode kernel: [    0.245179] smpboot: Max logical packages: 1
Mar  7 09:41:39 ManageNode kernel: [    0.245180] smpboot: Total of 1 processors activated (4224.00 BogoMIPS)
Mar  7 09:41:39 ManageNode kernel: [    0.245654] devtmpfs: initialized
Mar  7 09:41:39 ManageNode kernel: [    0.245692] x86/mm: Memory block size: 128MB
Mar  7 09:41:39 ManageNode kernel: [    0.246065] clocksource: jiffies: mask: 0xffffffff max_cycles: 0xffffffff, max_idle_ns: 7645041785100000 ns
Mar  7 09:41:39 ManageNode kernel: [    0.246068] futex hash table entries: 256 (order: 2, 16384 bytes, linear)
Mar  7 09:41:39 ManageNode kernel: [    0.246105] pinctrl core: initialized pinctrl subsystem
Mar  7 09:41:39 ManageNode kernel: [    0.246124] PM: RTC time: 01:41:38, date: 2024-03-07
Mar  7 09:41:39 ManageNode kernel: [    0.246124] NET: Registered protocol family 16
Mar  7 09:41:39 ManageNode kernel: [    0.246124] audit: initializing netlink subsys (disabled)
Mar  7 09:41:39 ManageNode kernel: [    0.246124] EISA bus registered
Mar  7 09:41:39 ManageNode kernel: [    0.246124] cpuidle: using governor ladder
Mar  7 09:41:39 ManageNode kernel: [    0.246124] cpuidle: using governor menu
Mar  7 09:41:39 ManageNode kernel: [    0.246124] ACPI: bus type PCI registered
Mar  7 09:41:39 ManageNode kernel: [    0.246124] acpiphp: ACPI Hot Plug PCI Controller Driver version: 0.5
Mar  7 09:41:39 ManageNode kernel: [    0.246124] PCI: Using configuration type 1 for base access
Mar  7 09:41:39 ManageNode kernel: [    0.246124] audit: type=2000 audit(1709775702.772:1): state=initialized audit_enabled=0 res=1
Mar  7 09:41:39 ManageNode kernel: [    0.246124] HugeTLB registered 2.00 MiB page size, pre-allocated 0 pages
Mar  7 09:41:39 ManageNode kernel: [    0.246361] ACPI: Added _OSI(Module Device)
Mar  7 09:41:39 ManageNode kernel: [    0.246361] ACPI: Added _OSI(Processor Device)
Mar  7 09:41:39 ManageNode kernel: [    0.246362] ACPI: Added _OSI(3.0 _SCP Extensions)
Mar  7 09:41:39 ManageNode kernel: [    0.246362] ACPI: Added _OSI(Processor Aggregator Device)
Mar  7 09:41:39 ManageNode kernel: [    0.246363] ACPI: Added _OSI(Linux-Dell-Video)
Mar  7 09:41:39 ManageNode kernel: [    0.246363] ACPI: Added _OSI(Linux-Lenovo-NV-HDMI-Audio)
Mar  7 09:41:39 ManageNode kernel: [    0.246364] ACPI: Added _OSI(Linux-HPI-Hybrid-Graphics)
Mar  7 09:41:39 ManageNode kernel: [    0.248204] ACPI: 2 ACPI AML tables successfully acquired and loaded
Mar  7 09:41:39 ManageNode kernel: [    0.249615] ACPI: Interpreter enabled
Mar  7 09:41:39 ManageNode kernel: [    0.249624] ACPI: (supports S0 S5)
Mar  7 09:41:39 ManageNode kernel: [    0.249625] ACPI: Using IOAPIC for interrupt routing
Mar  7 09:41:39 ManageNode kernel: [    0.250222] PCI: Using host bridge windows from ACPI; if necessary, use "pci=nocrs" and report a bug
Mar  7 09:41:39 ManageNode kernel: [    0.250315] ACPI: Enabled 2 GPEs in block 00 to 07
Mar  7 09:41:39 ManageNode kernel: [    0.254701] ACPI: PCI Root Bridge [PCI0] (domain 0000 [bus 00-ff])
Mar  7 09:41:39 ManageNode kernel: [    0.254705] acpi PNP0A03:00: _OSC: OS supports [ASPM ClockPM Segments MSI HPX-Type3]
Mar  7 09:41:39 ManageNode kernel: [    0.255069] acpi PNP0A03:00: _OSC: not requesting OS control; OS requires [ExtendedConfig ASPM ClockPM MSI]
Mar  7 09:41:39 ManageNode kernel: [    0.255075] acpi PNP0A03:00: fail to add MMCONFIG information, can't access extended PCI configuration space under this bridge.
Mar  7 09:41:39 ManageNode kernel: [    0.255382] PCI host bridge to bus 0000:00
Mar  7 09:41:39 ManageNode kernel: [    0.255383] pci_bus 0000:00: root bus resource [io  0x0000-0x0cf7 window]
Mar  7 09:41:39 ManageNode kernel: [    0.255384] pci_bus 0000:00: root bus resource [io  0x0d00-0xffff window]
Mar  7 09:41:39 ManageNode kernel: [    0.255385] pci_bus 0000:00: root bus resource [mem 0x000a0000-0x000bffff window]
Mar  7 09:41:39 ManageNode kernel: [    0.255385] pci_bus 0000:00: root bus resource [mem 0xe0000000-0xfdffffff window]
Mar  7 09:41:39 ManageNode kernel: [    0.255386] pci_bus 0000:00: root bus resource [bus 00-ff]
Mar  7 09:41:39 ManageNode kernel: [    0.255439] pci 0000:00:00.0: [8086:1237] type 00 class 0x060000
Mar  7 09:41:39 ManageNode kernel: [    0.256258] pci 0000:00:01.0: [8086:7000] type 00 class 0x060100
Mar  7 09:41:39 ManageNode kernel: [    0.256912] pci 0000:00:01.1: [8086:7111] type 00 class 0x01018a
Mar  7 09:41:39 ManageNode kernel: [    0.257201] pci 0000:00:01.1: reg 0x20: [io  0xd000-0xd00f]
Mar  7 09:41:39 ManageNode kernel: [    0.257320] pci 0000:00:01.1: legacy IDE quirk: reg 0x10: [io  0x01f0-0x01f7]
Mar  7 09:41:39 ManageNode kernel: [    0.257320] pci 0000:00:01.1: legacy IDE quirk: reg 0x14: [io  0x03f6]
Mar  7 09:41:39 ManageNode kernel: [    0.257321] pci 0000:00:01.1: legacy IDE quirk: reg 0x18: [io  0x0170-0x0177]
Mar  7 09:41:39 ManageNode kernel: [    0.257321] pci 0000:00:01.1: legacy IDE quirk: reg 0x1c: [io  0x0376]
Mar  7 09:41:39 ManageNode kernel: [    0.257830] pci 0000:00:02.0: [15ad:0405] type 00 class 0x030000
Mar  7 09:41:39 ManageNode kernel: [    0.258375] pci 0000:00:02.0: reg 0x10: [io  0xd010-0xd01f]
Mar  7 09:41:39 ManageNode kernel: [    0.262159] pci 0000:00:02.0: reg 0x14: [mem 0xe0000000-0xe0ffffff pref]
Mar  7 09:41:39 ManageNode kernel: [    0.264231] pci 0000:00:02.0: reg 0x18: [mem 0xf0000000-0xf01fffff]
Mar  7 09:41:39 ManageNode kernel: [    0.270961] pci 0000:00:03.0: [8086:100e] type 00 class 0x020000
Mar  7 09:41:39 ManageNode kernel: [    0.272386] pci 0000:00:03.0: reg 0x10: [mem 0xf0200000-0xf021ffff]
Mar  7 09:41:39 ManageNode kernel: [    0.275535] pci 0000:00:03.0: reg 0x18: [io  0xd020-0xd027]
Mar  7 09:41:39 ManageNode kernel: [    0.280234] pci 0000:00:04.0: [80ee:cafe] type 00 class 0x088000
Mar  7 09:41:39 ManageNode kernel: [    0.282213] pci 0000:00:04.0: reg 0x10: [io  0xd040-0xd05f]
Mar  7 09:41:39 ManageNode kernel: [    0.283577] pci 0000:00:04.0: reg 0x14: [mem 0xf0400000-0xf07fffff]
Mar  7 09:41:39 ManageNode kernel: [    0.284866] pci 0000:00:04.0: reg 0x18: [mem 0xf0800000-0xf0803fff pref]
Mar  7 09:41:39 ManageNode kernel: [    0.290766] pci 0000:00:05.0: [8086:2415] type 00 class 0x040100
Mar  7 09:41:39 ManageNode kernel: [    0.290867] pci 0000:00:05.0: reg 0x10: [io  0xd100-0xd1ff]
Mar  7 09:41:39 ManageNode kernel: [    0.290918] pci 0000:00:05.0: reg 0x14: [io  0xd200-0xd23f]
Mar  7 09:41:39 ManageNode kernel: [    0.291585] pci 0000:00:06.0: [106b:003f] type 00 class 0x0c0310
Mar  7 09:41:39 ManageNode kernel: [    0.292955] pci 0000:00:06.0: reg 0x10: [mem 0xf0804000-0xf0804fff]
Mar  7 09:41:39 ManageNode kernel: [    0.302159] pci 0000:00:07.0: [8086:7113] type 00 class 0x068000
Mar  7 09:41:39 ManageNode kernel: [    0.302477] pci 0000:00:07.0: quirk: [io  0x4000-0x403f] claimed by PIIX4 ACPI
Mar  7 09:41:39 ManageNode kernel: [    0.302486] pci 0000:00:07.0: quirk: [io  0x4100-0x410f] claimed by PIIX4 SMB
Mar  7 09:41:39 ManageNode kernel: [    0.303571] pci 0000:00:0b.0: [8086:265c] type 00 class 0x0c0320
Mar  7 09:41:39 ManageNode kernel: [    0.304902] pci 0000:00:0b.0: reg 0x10: [mem 0xf0805000-0xf0805fff]
Mar  7 09:41:39 ManageNode kernel: [    0.312306] pci 0000:00:0d.0: [8086:2829] type 00 class 0x010601
Mar  7 09:41:39 ManageNode kernel: [    0.314220] pci 0000:00:0d.0: reg 0x10: [io  0xd240-0xd247]
Mar  7 09:41:39 ManageNode kernel: [    0.315503] pci 0000:00:0d.0: reg 0x14: [io  0xd248-0xd24b]
Mar  7 09:41:39 ManageNode kernel: [    0.316766] pci 0000:00:0d.0: reg 0x18: [io  0xd250-0xd257]
Mar  7 09:41:39 ManageNode kernel: [    0.318018] pci 0000:00:0d.0: reg 0x1c: [io  0xd258-0xd25b]
Mar  7 09:41:39 ManageNode kernel: [    0.318217] pci 0000:00:0d.0: reg 0x20: [io  0xd260-0xd26f]
Mar  7 09:41:39 ManageNode kernel: [    0.319488] pci 0000:00:0d.0: reg 0x24: [mem 0xf0806000-0xf0807fff]
Mar  7 09:41:39 ManageNode kernel: [    0.327332] ACPI: PCI Interrupt Link [LNKA] (IRQs 5 9 10 *11)
Mar  7 09:41:39 ManageNode kernel: [    0.327562] ACPI: PCI Interrupt Link [LNKB] (IRQs 5 9 *10 11)
Mar  7 09:41:39 ManageNode kernel: [    0.327647] ACPI: PCI Interrupt Link [LNKC] (IRQs 5 *9 10 11)
Mar  7 09:41:39 ManageNode kernel: [    0.327732] ACPI: PCI Interrupt Link [LNKD] (IRQs 5 9 10 *11)
Mar  7 09:41:39 ManageNode kernel: [    0.327943] iommu: Default domain type: Translated 
Mar  7 09:41:39 ManageNode kernel: [    0.328080] SCSI subsystem initialized
Mar  7 09:41:39 ManageNode kernel: [    0.328101] libata version 3.00 loaded.
Mar  7 09:41:39 ManageNode kernel: [    0.328145] pci 0000:00:02.0: vgaarb: setting as boot VGA device
Mar  7 09:41:39 ManageNode kernel: [    0.328146] pci 0000:00:02.0: vgaarb: VGA device added: decodes=io+mem,owns=io+mem,locks=none
Mar  7 09:41:39 ManageNode kernel: [    0.328148] pci 0000:00:02.0: vgaarb: bridge control possible
Mar  7 09:41:39 ManageNode kernel: [    0.328148] vgaarb: loaded
Mar  7 09:41:39 ManageNode kernel: [    0.328169] ACPI: bus type USB registered
Mar  7 09:41:39 ManageNode kernel: [    0.328182] usbcore: registered new interface driver usbfs
Mar  7 09:41:39 ManageNode kernel: [    0.328186] usbcore: registered new interface driver hub
Mar  7 09:41:39 ManageNode kernel: [    0.328190] usbcore: registered new device driver usb
Mar  7 09:41:39 ManageNode kernel: [    0.328209] pps_core: LinuxPPS API ver. 1 registered
Mar  7 09:41:39 ManageNode kernel: [    0.328209] pps_core: Software ver. 5.3.6 - Copyright 2005-2007 Rodolfo Giometti <giometti@linux.it>
Mar  7 09:41:39 ManageNode kernel: [    0.328211] PTP clock support registered
Mar  7 09:41:39 ManageNode kernel: [    0.328240] EDAC MC: Ver: 3.0.0
Mar  7 09:41:39 ManageNode kernel: [    0.328707] PCI: Using ACPI for IRQ routing
Mar  7 09:41:39 ManageNode kernel: [    0.328708] PCI: pci_cache_line_size set to 64 bytes
Mar  7 09:41:39 ManageNode kernel: [    0.328867] e820: reserve RAM buffer [mem 0x0009fc00-0x0009ffff]
Mar  7 09:41:39 ManageNode kernel: [    0.328870] e820: reserve RAM buffer [mem 0xdfff0000-0xdfffffff]
Mar  7 09:41:39 ManageNode kernel: [    0.328959] NetLabel: Initializing
Mar  7 09:41:39 ManageNode kernel: [    0.328959] NetLabel:  domain hash size = 128
Mar  7 09:41:39 ManageNode kernel: [    0.328959] NetLabel:  protocols = UNLABELED CIPSOv4 CALIPSO
Mar  7 09:41:39 ManageNode kernel: [    0.328970] NetLabel:  unlabeled traffic allowed by default
Mar  7 09:41:39 ManageNode kernel: [    0.329674] clocksource: Switched to clocksource kvm-clock
Mar  7 09:41:39 ManageNode kernel: [    0.335401] *** VALIDATE bpf ***
Mar  7 09:41:39 ManageNode kernel: [    0.335445] VFS: Disk quotas dquot_6.6.0
Mar  7 09:41:39 ManageNode kernel: [    0.335455] VFS: Dquot-cache hash table entries: 512 (order 0, 4096 bytes)
Mar  7 09:41:39 ManageNode kernel: [    0.335471] *** VALIDATE ramfs ***
Mar  7 09:41:39 ManageNode kernel: [    0.335474] *** VALIDATE hugetlbfs ***
Mar  7 09:41:39 ManageNode kernel: [    0.335530] AppArmor: AppArmor Filesystem Enabled
Mar  7 09:41:39 ManageNode kernel: [    0.335552] pnp: PnP ACPI init
Mar  7 09:41:39 ManageNode kernel: [    0.335608] pnp 00:00: Plug and Play ACPI device, IDs PNP0303 (active)
Mar  7 09:41:39 ManageNode kernel: [    0.335662] pnp 00:01: Plug and Play ACPI device, IDs PNP0f03 (active)
Mar  7 09:41:39 ManageNode kernel: [    0.336293] pnp: PnP ACPI: found 2 devices
Mar  7 09:41:39 ManageNode kernel: [    0.337224] thermal_sys: Registered thermal governor 'fair_share'
Mar  7 09:41:39 ManageNode kernel: [    0.337224] thermal_sys: Registered thermal governor 'bang_bang'
Mar  7 09:41:39 ManageNode kernel: [    0.337225] thermal_sys: Registered thermal governor 'step_wise'
Mar  7 09:41:39 ManageNode kernel: [    0.337225] thermal_sys: Registered thermal governor 'user_space'
Mar  7 09:41:39 ManageNode kernel: [    0.337225] thermal_sys: Registered thermal governor 'power_allocator'
Mar  7 09:41:39 ManageNode kernel: [    0.341742] clocksource: acpi_pm: mask: 0xffffff max_cycles: 0xffffff, max_idle_ns: 2085701024 ns
Mar  7 09:41:39 ManageNode kernel: [    0.341772] pci_bus 0000:00: resource 4 [io  0x0000-0x0cf7 window]
Mar  7 09:41:39 ManageNode kernel: [    0.341773] pci_bus 0000:00: resource 5 [io  0x0d00-0xffff window]
Mar  7 09:41:39 ManageNode kernel: [    0.341773] pci_bus 0000:00: resource 6 [mem 0x000a0000-0x000bffff window]
Mar  7 09:41:39 ManageNode kernel: [    0.341774] pci_bus 0000:00: resource 7 [mem 0xe0000000-0xfdffffff window]
Mar  7 09:41:39 ManageNode kernel: [    0.341812] NET: Registered protocol family 2
Mar  7 09:41:39 ManageNode kernel: [    0.341857] IP idents hash table entries: 65536 (order: 7, 524288 bytes, linear)
Mar  7 09:41:39 ManageNode kernel: [    0.342218] tcp_listen_portaddr_hash hash table entries: 2048 (order: 3, 32768 bytes, linear)
Mar  7 09:41:39 ManageNode kernel: [    0.342236] TCP established hash table entries: 32768 (order: 6, 262144 bytes, linear)
Mar  7 09:41:39 ManageNode kernel: [    0.342480] TCP bind hash table entries: 32768 (order: 7, 524288 bytes, linear)
Mar  7 09:41:39 ManageNode kernel: [    0.342513] TCP: Hash tables configured (established 32768 bind 32768)
Mar  7 09:41:39 ManageNode kernel: [    0.342536] UDP hash table entries: 2048 (order: 4, 65536 bytes, linear)
Mar  7 09:41:39 ManageNode kernel: [    0.342545] UDP-Lite hash table entries: 2048 (order: 4, 65536 bytes, linear)
Mar  7 09:41:39 ManageNode kernel: [    0.342640] NET: Registered protocol family 1
Mar  7 09:41:39 ManageNode kernel: [    0.342647] NET: Registered protocol family 44
Mar  7 09:41:39 ManageNode kernel: [    0.342667] pci 0000:00:00.0: Limiting direct PCI/PCI transfers
Mar  7 09:41:39 ManageNode kernel: [    0.342678] pci 0000:00:01.0: Activating ISA DMA hang workarounds
Mar  7 09:41:39 ManageNode kernel: [    0.342715] pci 0000:00:02.0: Video device with shadowed ROM at [mem 0x000c0000-0x000dffff]
Mar  7 09:41:39 ManageNode kernel: [    0.344525] PCI: CLS 0 bytes, default 64
Mar  7 09:41:39 ManageNode kernel: [    0.344559] Trying to unpack rootfs image as initramfs...
Mar  7 09:41:39 ManageNode kernel: [    0.756789] Freeing initrd memory: 42272K
Mar  7 09:41:39 ManageNode kernel: [    0.756833] PCI-DMA: Using software bounce buffering for IO (SWIOTLB)
Mar  7 09:41:39 ManageNode kernel: [    0.756834] software IO TLB: mapped [mem 0xdbff0000-0xdfff0000] (64MB)
Mar  7 09:41:39 ManageNode kernel: [    0.756875] clocksource: tsc: mask: 0xffffffffffffffff max_cycles: 0x1e717c37157, max_idle_ns: 440795284133 ns
Mar  7 09:41:39 ManageNode kernel: [    0.756883] clocksource: Switched to clocksource tsc
Mar  7 09:41:39 ManageNode kernel: [    0.756909] platform rtc_cmos: registered platform RTC device (no PNP device found)
Mar  7 09:41:39 ManageNode kernel: [    0.756928] check: Scanning for low memory corruption every 60 seconds
Mar  7 09:41:39 ManageNode kernel: [    0.757142] Initialise system trusted keyrings
Mar  7 09:41:39 ManageNode kernel: [    0.757152] Key type blacklist registered
Mar  7 09:41:39 ManageNode kernel: [    0.757189] workingset: timestamp_bits=36 max_order=20 bucket_order=0
Mar  7 09:41:39 ManageNode kernel: [    0.758035] zbud: loaded
Mar  7 09:41:39 ManageNode kernel: [    0.758316] squashfs: version 4.0 (2009/01/31) Phillip Lougher
Mar  7 09:41:39 ManageNode kernel: [    0.758445] fuse: init (API version 7.31)
Mar  7 09:41:39 ManageNode kernel: [    0.758457] *** VALIDATE fuse ***
Mar  7 09:41:39 ManageNode kernel: [    0.758458] *** VALIDATE fuse ***
Mar  7 09:41:39 ManageNode kernel: [    0.758518] Platform Keyring initialized
Mar  7 09:41:39 ManageNode kernel: [    0.760564] Key type asymmetric registered
Mar  7 09:41:39 ManageNode kernel: [    0.760565] Asymmetric key parser 'x509' registered
Mar  7 09:41:39 ManageNode kernel: [    0.760570] Block layer SCSI generic (bsg) driver version 0.4 loaded (major 244)
Mar  7 09:41:39 ManageNode kernel: [    0.760589] io scheduler mq-deadline registered
Mar  7 09:41:39 ManageNode kernel: [    0.760652] shpchp: Standard Hot Plug PCI Controller Driver version: 0.4
Mar  7 09:41:39 ManageNode kernel: [    0.760795] ACPI: AC Adapter [AC] (off-line)
Mar  7 09:41:39 ManageNode kernel: [    0.760826] input: Power Button as /devices/LNXSYSTM:00/LNXPWRBN:00/input/input0
Mar  7 09:41:39 ManageNode kernel: [    0.760845] ACPI: Power Button [PWRF]
Mar  7 09:41:39 ManageNode kernel: [    0.761089] input: Sleep Button as /devices/LNXSYSTM:00/LNXSLPBN:00/input/input1
Mar  7 09:41:39 ManageNode kernel: [    0.761098] ACPI: Sleep Button [SLPF]
Mar  7 09:41:39 ManageNode kernel: [    0.761850] battery: ACPI: Battery Slot [BAT0] (battery present)
Mar  7 09:41:39 ManageNode kernel: [    0.761877] Serial: 8250/16550 driver, 32 ports, IRQ sharing enabled
Mar  7 09:41:39 ManageNode kernel: [    0.762747] Linux agpgart interface v0.103
Mar  7 09:41:39 ManageNode kernel: [    0.858296] loop: module loaded
Mar  7 09:41:39 ManageNode kernel: [    0.858528] ata_piix 0000:00:01.1: version 2.13
Mar  7 09:41:39 ManageNode kernel: [    0.859168] scsi host0: ata_piix
Mar  7 09:41:39 ManageNode kernel: [    0.859299] scsi host1: ata_piix
Mar  7 09:41:39 ManageNode kernel: [    0.859345] ata1: PATA max UDMA/33 cmd 0x1f0 ctl 0x3f6 bmdma 0xd000 irq 14
Mar  7 09:41:39 ManageNode kernel: [    0.859346] ata2: PATA max UDMA/33 cmd 0x170 ctl 0x376 bmdma 0xd008 irq 15
Mar  7 09:41:39 ManageNode kernel: [    0.859482] libphy: Fixed MDIO Bus: probed
Mar  7 09:41:39 ManageNode kernel: [    0.859483] tun: Universal TUN/TAP device driver, 1.6
Mar  7 09:41:39 ManageNode kernel: [    0.859868] PPP generic driver version 2.4.2
Mar  7 09:41:39 ManageNode kernel: [    0.859935] VFIO - User Level meta-driver version: 0.3
Mar  7 09:41:39 ManageNode kernel: [    0.860408] ehci_hcd: USB 2.0 'Enhanced' Host Controller (EHCI) Driver
Mar  7 09:41:39 ManageNode kernel: [    0.860413] ehci-pci: EHCI PCI platform driver
Mar  7 09:41:39 ManageNode kernel: [    0.861612] ehci-pci 0000:00:0b.0: EHCI Host Controller
Mar  7 09:41:39 ManageNode kernel: [    0.861621] ehci-pci 0000:00:0b.0: new USB bus registered, assigned bus number 1
Mar  7 09:41:39 ManageNode kernel: [    0.862083] ehci-pci 0000:00:0b.0: irq 19, io mem 0xf0805000
Mar  7 09:41:39 ManageNode kernel: [    0.879034] ehci-pci 0000:00:0b.0: USB 2.0 started, EHCI 1.00
Mar  7 09:41:39 ManageNode kernel: [    0.879153] usb usb1: New USB device found, idVendor=1d6b, idProduct=0002, bcdDevice= 5.04
Mar  7 09:41:39 ManageNode kernel: [    0.879156] usb usb1: New USB device strings: Mfr=3, Product=2, SerialNumber=1
Mar  7 09:41:39 ManageNode kernel: [    0.879159] usb usb1: Product: EHCI Host Controller
Mar  7 09:41:39 ManageNode kernel: [    0.879161] usb usb1: Manufacturer: Linux 5.4.0-84-generic ehci_hcd
Mar  7 09:41:39 ManageNode kernel: [    0.879163] usb usb1: SerialNumber: 0000:00:0b.0
Mar  7 09:41:39 ManageNode kernel: [    0.879371] hub 1-0:1.0: USB hub found
Mar  7 09:41:39 ManageNode kernel: [    0.879381] hub 1-0:1.0: 12 ports detected
Mar  7 09:41:39 ManageNode kernel: [    0.879858] ehci-platform: EHCI generic platform driver
Mar  7 09:41:39 ManageNode kernel: [    0.879881] ohci_hcd: USB 1.1 'Open' Host Controller (OHCI) Driver
Mar  7 09:41:39 ManageNode kernel: [    0.879886] ohci-pci: OHCI PCI platform driver
Mar  7 09:41:39 ManageNode kernel: [    0.881399] ohci-pci 0000:00:06.0: OHCI PCI host controller
Mar  7 09:41:39 ManageNode kernel: [    0.881422] ohci-pci 0000:00:06.0: new USB bus registered, assigned bus number 2
Mar  7 09:41:39 ManageNode kernel: [    0.881630] ohci-pci 0000:00:06.0: irq 22, io mem 0xf0804000
Mar  7 09:41:39 ManageNode kernel: [    0.939409] usb usb2: New USB device found, idVendor=1d6b, idProduct=0001, bcdDevice= 5.04
Mar  7 09:41:39 ManageNode kernel: [    0.939415] usb usb2: New USB device strings: Mfr=3, Product=2, SerialNumber=1
Mar  7 09:41:39 ManageNode kernel: [    0.939419] usb usb2: Product: OHCI PCI host controller
Mar  7 09:41:39 ManageNode kernel: [    0.939422] usb usb2: Manufacturer: Linux 5.4.0-84-generic ohci_hcd
Mar  7 09:41:39 ManageNode kernel: [    0.939425] usb usb2: SerialNumber: 0000:00:06.0
Mar  7 09:41:39 ManageNode kernel: [    0.939711] hub 2-0:1.0: USB hub found
Mar  7 09:41:39 ManageNode kernel: [    0.939819] hub 2-0:1.0: 12 ports detected
Mar  7 09:41:39 ManageNode kernel: [    0.941045] ohci-platform: OHCI generic platform driver
Mar  7 09:41:39 ManageNode kernel: [    0.941073] uhci_hcd: USB Universal Host Controller Interface driver
Mar  7 09:41:39 ManageNode kernel: [    0.941213] i8042: PNP: PS/2 Controller [PNP0303:PS2K,PNP0f03:PS2M] at 0x60,0x64 irq 1,12
Mar  7 09:41:39 ManageNode kernel: [    0.942232] serio: i8042 KBD port at 0x60,0x64 irq 1
Mar  7 09:41:39 ManageNode kernel: [    0.942232] serio: i8042 AUX port at 0x60,0x64 irq 12
Mar  7 09:41:39 ManageNode kernel: [    0.942759] mousedev: PS/2 mouse device common for all mice
Mar  7 09:41:39 ManageNode kernel: [    0.943508] input: AT Translated Set 2 keyboard as /devices/platform/i8042/serio0/input/input2
Mar  7 09:41:39 ManageNode kernel: [    0.944841] rtc_cmos rtc_cmos: registered as rtc0
Mar  7 09:41:39 ManageNode kernel: [    0.944873] rtc_cmos rtc_cmos: alarms up to one day, 114 bytes nvram
Mar  7 09:41:39 ManageNode kernel: [    0.944889] i2c /dev entries driver
Mar  7 09:41:39 ManageNode kernel: [    0.945019] device-mapper: uevent: version 1.0.3
Mar  7 09:41:39 ManageNode kernel: [    0.945173] device-mapper: ioctl: 4.41.0-ioctl (2019-09-16) initialised: dm-devel@redhat.com
Mar  7 09:41:39 ManageNode kernel: [    0.945223] platform eisa.0: Probing EISA bus 0
Mar  7 09:41:39 ManageNode kernel: [    0.945227] platform eisa.0: EISA: Cannot allocate resource for mainboard
Mar  7 09:41:39 ManageNode kernel: [    0.945231] platform eisa.0: Cannot allocate resource for EISA slot 1
Mar  7 09:41:39 ManageNode kernel: [    0.945234] platform eisa.0: Cannot allocate resource for EISA slot 2
Mar  7 09:41:39 ManageNode kernel: [    0.945236] platform eisa.0: Cannot allocate resource for EISA slot 3
Mar  7 09:41:39 ManageNode kernel: [    0.945239] platform eisa.0: Cannot allocate resource for EISA slot 4
Mar  7 09:41:39 ManageNode kernel: [    0.945242] platform eisa.0: Cannot allocate resource for EISA slot 5
Mar  7 09:41:39 ManageNode kernel: [    0.945245] platform eisa.0: Cannot allocate resource for EISA slot 6
Mar  7 09:41:39 ManageNode kernel: [    0.945248] platform eisa.0: Cannot allocate resource for EISA slot 7
Mar  7 09:41:39 ManageNode kernel: [    0.945251] platform eisa.0: Cannot allocate resource for EISA slot 8
Mar  7 09:41:39 ManageNode kernel: [    0.945254] platform eisa.0: EISA: Detected 0 cards
Mar  7 09:41:39 ManageNode kernel: [    0.945259] intel_pstate: CPU model not supported
Mar  7 09:41:39 ManageNode kernel: [    0.945282] ledtrig-cpu: registered to indicate activity on CPUs
Mar  7 09:41:39 ManageNode kernel: [    0.945512] intel_pmc_core intel_pmc_core.0:  initialized
Mar  7 09:41:39 ManageNode kernel: [    0.945628] drop_monitor: Initializing network drop monitor service
Mar  7 09:41:39 ManageNode kernel: [    0.946117] NET: Registered protocol family 10
Mar  7 09:41:39 ManageNode kernel: [    0.956100] Segment Routing with IPv6
Mar  7 09:41:39 ManageNode kernel: [    0.956148] NET: Registered protocol family 17
Mar  7 09:41:39 ManageNode kernel: [    0.956213] Key type dns_resolver registered
Mar  7 09:41:39 ManageNode kernel: [    0.956451] RAS: Correctable Errors collector initialized.
Mar  7 09:41:39 ManageNode kernel: [    0.956470] IPI shorthand broadcast: enabled
Mar  7 09:41:39 ManageNode kernel: [    0.956483] sched_clock: Marking stable (945788918, 8404828)->(958995910, -4802164)
Mar  7 09:41:39 ManageNode kernel: [    0.956579] registered taskstats version 1
Mar  7 09:41:39 ManageNode kernel: [    0.956591] Loading compiled-in X.509 certificates
Mar  7 09:41:39 ManageNode kernel: [    0.957996] Loaded X.509 cert 'Build time autogenerated kernel key: 2e5a5cfcbde5ccff8872bb2bdda0161154af6a9e'
Mar  7 09:41:39 ManageNode kernel: [    0.959481] Loaded X.509 cert 'Canonical Ltd. Live Patch Signing: 14df34d1a87cf37625abec039ef2bf521249b969'
Mar  7 09:41:39 ManageNode kernel: [    0.960742] Loaded X.509 cert 'Canonical Ltd. Kernel Module Signing: 88f752e560a1e0737e31163a466ad7b70a850c19'
Mar  7 09:41:39 ManageNode kernel: [    0.960769] zswap: loaded using pool lzo/zbud
Mar  7 09:41:39 ManageNode kernel: [    0.960847] Key type ._fscrypt registered
Mar  7 09:41:39 ManageNode kernel: [    0.960848] Key type .fscrypt registered
Mar  7 09:41:39 ManageNode kernel: [    0.965343] Key type big_key registered
Mar  7 09:41:39 ManageNode kernel: [    0.967211] Key type encrypted registered
Mar  7 09:41:39 ManageNode kernel: [    0.967214] AppArmor: AppArmor sha1 policy hashing enabled
Mar  7 09:41:39 ManageNode kernel: [    0.967219] ima: No TPM chip found, activating TPM-bypass!
Mar  7 09:41:39 ManageNode kernel: [    0.967227] ima: Allocated hash algorithm: sha1
Mar  7 09:41:39 ManageNode kernel: [    0.967233] ima: No architecture policies found
Mar  7 09:41:39 ManageNode kernel: [    0.967244] evm: Initialising EVM extended attributes:
Mar  7 09:41:39 ManageNode kernel: [    0.967244] evm: security.selinux
Mar  7 09:41:39 ManageNode kernel: [    0.967245] evm: security.SMACK64
Mar  7 09:41:39 ManageNode kernel: [    0.967245] evm: security.SMACK64EXEC
Mar  7 09:41:39 ManageNode kernel: [    0.967246] evm: security.SMACK64TRANSMUTE
Mar  7 09:41:39 ManageNode kernel: [    0.967247] evm: security.SMACK64MMAP
Mar  7 09:41:39 ManageNode kernel: [    0.967247] evm: security.apparmor
Mar  7 09:41:39 ManageNode kernel: [    0.967248] evm: security.ima
Mar  7 09:41:39 ManageNode kernel: [    0.967248] evm: security.capability
Mar  7 09:41:39 ManageNode kernel: [    0.967249] evm: HMAC attrs: 0x1
Mar  7 09:41:39 ManageNode kernel: [    0.967608] PM:   Magic number: 0:741:659
Mar  7 09:41:39 ManageNode kernel: [    0.967703] rtc_cmos rtc_cmos: setting system clock to 2024-03-07T01:41:38 UTC (1709775698)
Mar  7 09:41:39 ManageNode kernel: [    1.031219] ata2.00: ATAPI: VBOX CD-ROM, 1.0, max UDMA/133
Mar  7 09:41:39 ManageNode kernel: [    1.032624] scsi 1:0:0:0: CD-ROM            VBOX     CD-ROM           1.0  PQ: 0 ANSI: 5
Mar  7 09:41:39 ManageNode kernel: [    1.055497] sr 1:0:0:0: [sr0] scsi3-mmc drive: 32x/32x xa/form2 tray
Mar  7 09:41:39 ManageNode kernel: [    1.055500] cdrom: Uniform CD-ROM driver Revision: 3.20
Mar  7 09:41:39 ManageNode kernel: [    1.066353] sr 1:0:0:0: Attached scsi CD-ROM sr0
Mar  7 09:41:39 ManageNode kernel: [    1.066678] sr 1:0:0:0: Attached scsi generic sg0 type 5
Mar  7 09:41:39 ManageNode kernel: [    1.068803] Freeing unused decrypted memory: 2040K
Mar  7 09:41:39 ManageNode kernel: [    1.069403] Freeing unused kernel image memory: 2716K
Mar  7 09:41:39 ManageNode kernel: [    1.078955] Write protecting the kernel read-only data: 22528k
Mar  7 09:41:39 ManageNode kernel: [    1.079705] Freeing unused kernel image memory: 2008K
Mar  7 09:41:39 ManageNode kernel: [    1.080012] Freeing unused kernel image memory: 1160K
Mar  7 09:41:39 ManageNode kernel: [    1.096003] x86/mm: Checked W+X mappings: passed, no W+X pages found.
Mar  7 09:41:39 ManageNode kernel: [    1.096010] Run /init as init process
Mar  7 09:41:39 ManageNode kernel: [    1.169077] ACPI: Video Device [GFX0] (multi-head: yes  rom: no  post: no)
Mar  7 09:41:39 ManageNode kernel: [    1.169127] input: Video Bus as /devices/LNXSYSTM:00/LNXSYBUS:00/PNP0A03:00/LNXVIDEO:00/input/input4
Mar  7 09:41:39 ManageNode kernel: [    1.173539] e1000: Intel(R) PRO/1000 Network Driver - version 7.3.21-k8-NAPI
Mar  7 09:41:39 ManageNode kernel: [    1.173540] e1000: Copyright (c) 1999-2006 Intel Corporation.
Mar  7 09:41:39 ManageNode kernel: [    1.175668] piix4_smbus 0000:00:07.0: SMBus Host Controller at 0x4100, revision 0
Mar  7 09:41:39 ManageNode kernel: [    1.178965] ahci 0000:00:0d.0: version 3.0
Mar  7 09:41:39 ManageNode kernel: [    1.179450] ahci 0000:00:0d.0: SSS flag set, parallel bus scan disabled
Mar  7 09:41:39 ManageNode kernel: [    1.179551] ahci 0000:00:0d.0: AHCI 0001.0100 32 slots 1 ports 3 Gbps 0x1 impl SATA mode
Mar  7 09:41:39 ManageNode kernel: [    1.179553] ahci 0000:00:0d.0: flags: 64bit ncq stag only ccc 
Mar  7 09:41:39 ManageNode kernel: [    1.185268] scsi host2: ahci
Mar  7 09:41:39 ManageNode kernel: [    1.185320] ata3: SATA max UDMA/133 abar m8192@0xf0806000 port 0xf0806100 irq 21
Mar  7 09:41:39 ManageNode kernel: [    1.375802] usb 2-1: new full-speed USB device number 2 using ohci-pci
Mar  7 09:41:39 ManageNode kernel: [    1.389168] input: ImExPS/2 Generic Explorer Mouse as /devices/platform/i8042/serio1/input/input5
Mar  7 09:41:39 ManageNode kernel: [    1.502330] ata3: SATA link up 3.0 Gbps (SStatus 123 SControl 300)
Mar  7 09:41:39 ManageNode kernel: [    1.502619] ata3.00: ATA-6: VBOX HARDDISK, 1.0, max UDMA/133
Mar  7 09:41:39 ManageNode kernel: [    1.502624] ata3.00: 20971520 sectors, multi 128: LBA48 NCQ (depth 32)
Mar  7 09:41:39 ManageNode kernel: [    1.503122] ata3.00: configured for UDMA/133
Mar  7 09:41:39 ManageNode kernel: [    1.503370] scsi 2:0:0:0: Direct-Access     ATA      VBOX HARDDISK    1.0  PQ: 0 ANSI: 5
Mar  7 09:41:39 ManageNode kernel: [    1.503839] sd 2:0:0:0: [sda] 20971520 512-byte logical blocks: (10.7 GB/10.0 GiB)
Mar  7 09:41:39 ManageNode kernel: [    1.503856] sd 2:0:0:0: [sda] Write Protect is off
Mar  7 09:41:39 ManageNode kernel: [    1.503860] sd 2:0:0:0: [sda] Mode Sense: 00 3a 00 00
Mar  7 09:41:39 ManageNode kernel: [    1.503887] sd 2:0:0:0: [sda] Write cache: enabled, read cache: enabled, doesn't support DPO or FUA
Mar  7 09:41:39 ManageNode kernel: [    1.504311] sd 2:0:0:0: Attached scsi generic sg1 type 0
Mar  7 09:41:39 ManageNode kernel: [    1.512513]  sda: sda1
Mar  7 09:41:39 ManageNode kernel: [    1.522469] sd 2:0:0:0: [sda] Attached SCSI disk
Mar  7 09:41:39 ManageNode kernel: [    1.544425] e1000 0000:00:03.0 eth0: (PCI:33MHz:32-bit) 08:00:27:5d:52:d1
Mar  7 09:41:39 ManageNode kernel: [    1.544430] e1000 0000:00:03.0 eth0: Intel(R) PRO/1000 Network Connection
Mar  7 09:41:39 ManageNode kernel: [    1.545723] e1000 0000:00:03.0 enp0s3: renamed from eth0
Mar  7 09:41:39 ManageNode kernel: [    1.682250] usb 2-1: New USB device found, idVendor=80ee, idProduct=0021, bcdDevice= 1.00
Mar  7 09:41:39 ManageNode kernel: [    1.682252] usb 2-1: New USB device strings: Mfr=1, Product=3, SerialNumber=0
Mar  7 09:41:39 ManageNode kernel: [    1.682253] usb 2-1: Product: USB Tablet
Mar  7 09:41:39 ManageNode kernel: [    1.682254] usb 2-1: Manufacturer: VirtualBox
Mar  7 09:41:39 ManageNode kernel: [    1.690972] hidraw: raw HID events driver (C) Jiri Kosina
Mar  7 09:41:39 ManageNode kernel: [    1.703659] usbcore: registered new interface driver usbhid
Mar  7 09:41:39 ManageNode kernel: [    1.703661] usbhid: USB HID core driver
Mar  7 09:41:39 ManageNode kernel: [    1.705391] input: VirtualBox USB Tablet as /devices/pci0000:00/0000:00:06.0/usb2/2-1/2-1:1.0/0003:80EE:0021.0001/input/input6
Mar  7 09:41:39 ManageNode kernel: [    1.705581] hid-generic 0003:80EE:0021.0001: input,hidraw0: USB HID v1.10 Mouse [VirtualBox USB Tablet] on usb-0000:00:06.0-1/input0
Mar  7 09:41:39 ManageNode kernel: [    1.752399] EXT4-fs (sda1): mounted filesystem with ordered data mode. Opts: (null)
Mar  7 09:41:39 ManageNode kernel: [    1.852660] systemd[1]: systemd 237 running in system mode. (+PAM +AUDIT +SELINUX +IMA +APPARMOR +SMACK +SYSVINIT +UTMP +LIBCRYPTSETUP +GCRYPT +GNUTLS +ACL +XZ +LZ4 +SECCOMP +BLKID +ELFUTILS +KMOD -IDN2 +IDN -PCRE2 default-hierarchy=hybrid)
Mar  7 09:41:39 ManageNode kernel: [    1.852704] systemd[1]: Detected virtualization oracle.
Mar  7 09:41:39 ManageNode kernel: [    1.852709] systemd[1]: Detected architecture x86-64.
Mar  7 09:41:39 ManageNode kernel: [    1.853676] systemd[1]: Set hostname to <ManageNode>.
Mar  7 09:41:39 ManageNode kernel: [    1.856023] systemd[1]: Initializing machine ID from random generator.
Mar  7 09:41:39 ManageNode kernel: [    1.856047] systemd[1]: Installed transient /etc/machine-id file.
Mar  7 09:41:39 ManageNode kernel: [    1.952782] systemd[1]: Reached target Remote File Systems.
Mar  7 09:41:39 ManageNode kernel: [    1.952936] systemd[1]: Created slice User and Session Slice.
Mar  7 09:41:39 ManageNode kernel: [    1.953047] systemd[1]: Set up automount Arbitrary Executable File Formats File System Automount Point.
Mar  7 09:41:39 ManageNode kernel: [    1.953058] systemd[1]: Reached target User and Group Name Lookups.
Mar  7 09:41:39 ManageNode kernel: [    1.986315] EXT4-fs (sda1): re-mounted. Opts: errors=remount-ro
Mar  7 09:41:39 ManageNode kernel: [    2.032842] lp: driver loaded but no devices found
Mar  7 09:41:39 ManageNode kernel: [    2.045910] ppdev: user-space parallel port driver
Mar  7 09:41:39 ManageNode kernel: [    2.073155] Adding 483800k swap on /swapfile.  Priority:-2 extents:2 across:491992k FS
Mar  7 09:41:39 ManageNode kernel: [    2.092484] systemd-journald[230]: Received request to flush runtime journal from PID 1
Mar  7 09:41:39 ManageNode kernel: [    2.299716] audit: type=1400 audit(1709775699.828:2): apparmor="STATUS" operation="profile_load" profile="unconfined" name="/sbin/dhclient" pid=341 comm="apparmor_parser"
Mar  7 09:41:39 ManageNode kernel: [    2.299718] audit: type=1400 audit(1709775699.828:3): apparmor="STATUS" operation="profile_load" profile="unconfined" name="/usr/lib/NetworkManager/nm-dhcp-client.action" pid=341 comm="apparmor_parser"
Mar  7 09:41:39 ManageNode kernel: [    2.299719] audit: type=1400 audit(1709775699.828:4): apparmor="STATUS" operation="profile_load" profile="unconfined" name="/usr/lib/NetworkManager/nm-dhcp-helper" pid=341 comm="apparmor_parser"
Mar  7 09:41:39 ManageNode kernel: [    2.299720] audit: type=1400 audit(1709775699.828:5): apparmor="STATUS" operation="profile_load" profile="unconfined" name="/usr/lib/connman/scripts/dhclient-script" pid=341 comm="apparmor_parser"
Mar  7 09:41:39 ManageNode kernel: [    2.316146] audit: type=1400 audit(1709775699.844:6): apparmor="STATUS" operation="profile_load" profile="unconfined" name="/usr/bin/evince" pid=342 comm="apparmor_parser"
Mar  7 09:41:39 ManageNode kernel: [    2.316148] audit: type=1400 audit(1709775699.844:7): apparmor="STATUS" operation="profile_load" profile="unconfined" name="/usr/bin/evince//sanitized_helper" pid=342 comm="apparmor_parser"
Mar  7 09:41:39 ManageNode kernel: [    2.316149] audit: type=1400 audit(1709775699.844:8): apparmor="STATUS" operation="profile_load" profile="unconfined" name="/usr/bin/evince-previewer" pid=342 comm="apparmor_parser"
Mar  7 09:41:39 ManageNode kernel: [    2.316150] audit: type=1400 audit(1709775699.844:9): apparmor="STATUS" operation="profile_load" profile="unconfined" name="/usr/bin/evince-previewer//sanitized_helper" pid=342 comm="apparmor_parser"
Mar  7 09:41:39 ManageNode kernel: [    2.316151] audit: type=1400 audit(1709775699.844:10): apparmor="STATUS" operation="profile_load" profile="unconfined" name="/usr/bin/evince-thumbnailer" pid=342 comm="apparmor_parser"
Mar  7 09:41:39 ManageNode systemd-modules-load[232]: Inserted module 'lp'
Mar  7 09:41:39 ManageNode systemd-modules-load[232]: Inserted module 'ppdev'
Mar  7 09:41:39 ManageNode systemd-modules-load[232]: Inserted module 'parport_pc'
Mar  7 09:41:39 ManageNode systemd[1]: Mounted FUSE Control File System.
Mar  7 09:41:39 ManageNode systemd[1]: Started Apply Kernel Variables.
Mar  7 09:41:39 ManageNode systemd[1]: Mounted Kernel Configuration File System.
Mar  7 09:41:39 ManageNode systemd[1]: Starting Flush Journal to Persistent Storage...
Mar  7 09:41:39 ManageNode systemd[1]: Reached target Swap.
Mar  7 09:41:39 ManageNode systemd[1]: Starting udev Kernel Device Manager...
Mar  7 09:41:39 ManageNode systemd[1]: Started udev Coldplug all Devices.
Mar  7 09:41:39 ManageNode systemd[1]: Started Flush Journal to Persistent Storage.
Mar  7 09:41:39 ManageNode systemd[1]: Started Set the console keyboard layout.
Mar  7 09:41:39 ManageNode systemd[1]: Reached target Local File Systems (Pre).
Mar  7 09:41:39 ManageNode systemd[1]: Reached target Local File Systems.
Mar  7 09:41:39 ManageNode systemd[1]: Starting Create Volatile Files and Directories...
Mar  7 09:41:39 ManageNode systemd[1]: Starting Clean up any mess left by 0dns-up...
Mar  7 09:41:39 ManageNode systemd[1]: Starting Set console font and keymap...
Mar  7 09:41:39 ManageNode systemd[1]: Starting Commit a transient machine-id on disk...
Mar  7 09:41:39 ManageNode systemd[1]: Starting AppArmor initialization...
Mar  7 09:41:39 ManageNode systemd[1]: Starting Tell Plymouth To Write Out Runtime Data...
Mar  7 09:41:39 ManageNode systemd[1]: Started Create Volatile Files and Directories.
Mar  7 09:41:39 ManageNode systemd[1]: Started udev Kernel Device Manager.
Mar  7 09:41:39 ManageNode systemd[1]: Started Set console font and keymap.
Mar  7 09:41:39 ManageNode systemd[1]: Started Commit a transient machine-id on disk.
Mar  7 09:41:39 ManageNode systemd[1]: Started Tell Plymouth To Write Out Runtime Data.
Mar  7 09:41:39 ManageNode systemd[1]: Started Clean up any mess left by 0dns-up.
Mar  7 09:41:39 ManageNode apparmor[263]:  * Starting AppArmor profiles
Mar  7 09:41:39 ManageNode systemd[1]: Starting Show Plymouth Boot Screen...
Mar  7 09:41:39 ManageNode systemd[1]: Starting Network Name Resolution...
Mar  7 09:41:39 ManageNode systemd[1]: Starting Update UTMP about System Boot/Shutdown...
Mar  7 09:41:39 ManageNode systemd[1]: Starting Network Time Synchronization...
Mar  7 09:41:39 ManageNode systemd[1]: Started Update UTMP about System Boot/Shutdown.
Mar  7 09:41:39 ManageNode systemd[1]: Started Show Plymouth Boot Screen.
Mar  7 09:41:39 ManageNode systemd[1]: Started Forward Password Requests to Plymouth Directory Watch.
Mar  7 09:41:39 ManageNode systemd[1]: Reached target Local Encrypted Volumes.
Mar  7 09:41:39 ManageNode systemd-resolved[287]: Positive Trust Anchors:
Mar  7 09:41:39 ManageNode systemd-resolved[287]: . IN DS 19036 8 2 49aac11d7b6f6446702e54a1607371607a1a41855200fd2ce1cdde32f24e8fb5
Mar  7 09:41:39 ManageNode systemd-resolved[287]: . IN DS 20326 8 2 e06d44b80b8f1d39a95c0b0d7c65d08458e880409bbc683457104237c7f8ec8d
Mar  7 09:41:39 ManageNode systemd-resolved[287]: Negative trust anchors: 10.in-addr.arpa 16.172.in-addr.arpa 17.172.in-addr.arpa 18.172.in-addr.arpa 19.172.in-addr.arpa 20.172.in-addr.arpa 21.172.in-addr.arpa 22.172.in-addr.arpa 23.172.in-addr.arpa 24.172.in-addr.arpa 25.172.in-addr.arpa 26.172.in-addr.arpa 27.172.in-addr.arpa 28.172.in-addr.arpa 29.172.in-addr.arpa 30.172.in-addr.arpa 31.172.in-addr.arpa 168.192.in-addr.arpa d.f.ip6.arpa corp home internal intranet lan local private test
Mar  7 09:41:39 ManageNode systemd-resolved[287]: Using system hostname 'ManageNode'.
Mar  7 09:41:39 ManageNode systemd[1]: Started Network Name Resolution.
Mar  7 09:41:39 ManageNode systemd[1]: Reached target Host and Network Name Lookups.
Mar  7 09:41:39 ManageNode systemd[1]: Started Network Time Synchronization.
Mar  7 09:41:39 ManageNode systemd[1]: Reached target System Time Synchronized.
Mar  7 09:41:39 ManageNode apparmor[263]: Skipping profile in /etc/apparmor.d/disable: usr.bin.firefox
Mar  7 09:41:39 ManageNode apparmor[263]: Skipping profile in /etc/apparmor.d/disable: usr.sbin.rsyslogd
Mar  7 09:41:39 ManageNode apparmor[263]:    ...done.
Mar  7 09:41:39 ManageNode systemd[1]: Started AppArmor initialization.
Mar  7 09:41:39 ManageNode systemd[1]: Starting Raise network interfaces...
Mar  7 09:41:39 ManageNode systemd[1]: Starting Load AppArmor profiles managed internally by snapd...
Mar  7 09:41:39 ManageNode snapd-apparmor[352]: find: /var/lib/snapd/apparmor/profiles/: No such file or directory
Mar  7 09:41:39 ManageNode systemd[1]: Started Load AppArmor profiles managed internally by snapd.
Mar  7 09:41:39 ManageNode systemd[1]: Reached target System Initialization.
Mar  7 09:41:39 ManageNode systemd[1]: Started Discard unused blocks once a week.
Mar  7 09:41:39 ManageNode systemd[1]: Starting Socket activation for snappy daemon.
Mar  7 09:41:39 ManageNode systemd[1]: Started ACPI Events Check.
Mar  7 09:41:39 ManageNode systemd[1]: Listening on UUID daemon activation socket.
Mar  7 09:41:39 ManageNode systemd[1]: Started Trigger anacron every hour.
Mar  7 09:41:39 ManageNode systemd[1]: Started Daily Cleanup of Temporary Directories.
Mar  7 09:41:39 ManageNode systemd[1]: Started Ubuntu Advantage update messaging.
Mar  7 09:41:39 ManageNode systemd[1]: Listening on D-Bus System Message Bus Socket.
Mar  7 09:41:39 ManageNode systemd[1]: Started CUPS Scheduler.
Mar  7 09:41:39 ManageNode systemd[1]: Reached target Paths.
Mar  7 09:41:39 ManageNode systemd[1]: Listening on CUPS Scheduler.
Mar  7 09:41:39 ManageNode systemd[1]: Started Daily apt download activities.
Mar  7 09:41:39 ManageNode systemd[1]: Listening on ACPID Listen Socket.
Mar  7 09:41:39 ManageNode systemd[1]: Listening on Avahi mDNS/DNS-SD Stack Activation Socket.
Mar  7 09:41:39 ManageNode systemd[1]: Started Message of the Day.
Mar  7 09:41:39 ManageNode systemd[1]: Started Daily apt upgrade and clean activities.
Mar  7 09:41:39 ManageNode systemd[1]: Reached target Timers.
Mar  7 09:41:39 ManageNode systemd[1]: Listening on Socket activation for snappy daemon.
Mar  7 09:41:39 ManageNode systemd[1]: Reached target Sockets.
Mar  7 09:41:39 ManageNode systemd[1]: Reached target Basic System.
Mar  7 09:41:39 ManageNode systemd[1]: Starting LSB: automatic crash report generation...
Mar  7 09:41:39 ManageNode systemd[1]: Starting Disk Manager...
Mar  7 09:41:39 ManageNode systemd[1]: Started ACPI event daemon.
Mar  7 09:41:39 ManageNode systemd[1]: Starting LSB: Record successful boot for GRUB...
Mar  7 09:41:39 ManageNode systemd[1]: Starting Modem Manager...
Mar  7 09:41:39 ManageNode udisksd[366]: udisks daemon version 2.7.6 starting
Mar  7 09:41:39 ManageNode systemd[1]: Started irqbalance daemon.
Mar  7 09:41:39 ManageNode /usr/sbin/irqbalance: Balancing is ineffective on systems with a single cpu.  Shutting down
Mar  7 09:41:39 ManageNode systemd[1]: Starting Snap Daemon...
Mar  7 09:41:39 ManageNode systemd[1]: Starting Avahi mDNS/DNS-SD Stack...
Mar  7 09:41:39 ManageNode systemd[1]: Started Regular background program processing daemon.
Mar  7 09:41:39 ManageNode cron[392]: (CRON) INFO (pidfile fd = 3)
Mar  7 09:41:39 ManageNode avahi-daemon[390]: Found user 'avahi' (UID 115) and group 'avahi' (GID 120).
Mar  7 09:41:39 ManageNode avahi-daemon[390]: Successfully dropped root privileges.
Mar  7 09:41:39 ManageNode avahi-daemon[390]: avahi-daemon 0.7 starting up.
Mar  7 09:41:39 ManageNode cron[392]: (CRON) INFO (Running @reboot jobs)
Mar  7 09:41:39 ManageNode systemd[1]: Starting Thermal Daemon Service...
Mar  7 09:41:39 ManageNode ModemManager[373]: <info>  ModemManager (version 1.10.0) starting in system bus...
Mar  7 09:41:39 ManageNode systemd[1]: Starting Accounts Service...
Mar  7 09:41:39 ManageNode systemd[1]: Starting System Logging Service...
Mar  7 09:41:39 ManageNode acpid: starting up with netlink and the input layer
Mar  7 09:41:39 ManageNode acpid: 8 rules loaded
Mar  7 09:41:39 ManageNode acpid: waiting for events: event logging is off
Mar  7 09:41:39 ManageNode systemd[1]: Starting Dispatcher daemon for systemd-networkd...
Mar  7 09:41:39 ManageNode rsyslogd: imuxsock: Acquired UNIX socket '/run/systemd/journal/syslog' (fd 3) from systemd.  [v8.32.0]
Mar  7 09:41:39 ManageNode rsyslogd: rsyslogd's groupid changed to 106
Mar  7 09:41:39 ManageNode rsyslogd: rsyslogd's userid changed to 102
Mar  7 09:41:39 ManageNode rsyslogd:  [origin software="rsyslogd" swVersion="8.32.0" x-pid="405" x-info="http://www.rsyslog.com"] start
Mar  7 09:41:39 ManageNode systemd[1]: Starting LSB: Speech Dispatcher...
Mar  7 09:41:39 ManageNode systemd[1]: Reached target Login Prompts.
Mar  7 09:41:40 ManageNode systemd[1]: Started CUPS Scheduler.
Mar  7 09:41:40 ManageNode systemd[1]: Starting Login Service...
Mar  7 09:41:40 ManageNode systemd[1]: Starting Restore /etc/resolv.conf if the system crashed before the ppp link was shut down...
Mar  7 09:41:40 ManageNode systemd[1]: Started D-Bus System Message Bus.
Mar  7 09:41:40 ManageNode dbus-daemon[431]: dbus[431]: Unknown group "power" in message bus configuration file
Mar  7 09:41:40 ManageNode dbus-daemon[431]: [system] AppArmor D-Bus mediation is enabled
Mar  7 09:41:40 ManageNode dbus-daemon[431]: [system] Successfully activated service 'org.freedesktop.systemd1'
Mar  7 09:41:40 ManageNode systemd[1]: Started Login Service.
Mar  7 09:41:40 ManageNode systemd[1]: Starting WPA supplicant...
Mar  7 09:41:40 ManageNode systemd[1]: Starting Detect the available GPUs and deal with any system changes...
Mar  7 09:41:40 ManageNode systemd[1]: Starting Network Manager...
Mar  7 09:41:40 ManageNode snapd[381]: AppArmor status: apparmor is enabled and all features are available
Mar  7 09:41:40 ManageNode thermald[396]: NO RAPL sysfs present
Mar  7 09:41:40 ManageNode thermald[396]: 22 CPUID levels; family:model:stepping 0x6:8e:c (6:142:12)
Mar  7 09:41:40 ManageNode thermald[396]: Polling mode is enabled: 4
Mar  7 09:41:40 ManageNode thermald[396]: Thermal DTS: No coretemp sysfs found
Mar  7 09:41:40 ManageNode avahi-daemon[390]: Successfully called chroot().
Mar  7 09:41:40 ManageNode avahi-daemon[390]: Successfully dropped remaining capabilities.
Mar  7 09:41:40 ManageNode avahi-daemon[390]: No service file found in /etc/avahi/services.
Mar  7 09:41:40 ManageNode avahi-daemon[390]: Joining mDNS multicast group on interface lo.IPv6 with address ::1.
Mar  7 09:41:40 ManageNode avahi-daemon[390]: New relevant interface lo.IPv6 for mDNS.
Mar  7 09:41:40 ManageNode avahi-daemon[390]: Joining mDNS multicast group on interface lo.IPv4 with address 127.0.0.1.
Mar  7 09:41:40 ManageNode avahi-daemon[390]: New relevant interface lo.IPv4 for mDNS.
Mar  7 09:41:40 ManageNode avahi-daemon[390]: Network interface enumeration completed.
Mar  7 09:41:40 ManageNode avahi-daemon[390]: Registering new address record for ::1 on lo.*.
Mar  7 09:41:40 ManageNode avahi-daemon[390]: Registering new address record for 127.0.0.1 on lo.IPv4.
Mar  7 09:41:40 ManageNode thermald[396]: Thermal DTS or hwmon: No Zones present Need to configure manually
Mar  7 09:41:40 ManageNode thermald[396]: No thermal sensors found
Mar  7 09:41:40 ManageNode thermald[396]: THD engine start failed
Mar  7 09:41:40 ManageNode systemd[1]: Started System Logging Service.
Mar  7 09:41:40 ManageNode udisksd[366]: failed to load module mdraid: libbd_mdraid.so.2: cannot open shared object file: No such file or directory
Mar  7 09:41:40 ManageNode systemd[1]: Started Raise network interfaces.
Mar  7 09:41:40 ManageNode dbus-daemon[431]: [system] Activating via systemd: service name='org.freedesktop.PolicyKit1' unit='polkit.service' requested by ':1.7' (uid=0 pid=373 comm="/usr/sbin/ModemManager --filter-policy=strict " label="unconfined")
Mar  7 09:41:40 ManageNode wpa_supplicant[434]: Successfully initialized wpa_supplicant
Mar  7 09:41:40 ManageNode systemd[1]: Started Thermal Daemon Service.
Mar  7 09:41:40 ManageNode udisksd[366]: Failed to load the 'mdraid' libblockdev plugin
Mar  7 09:41:40 ManageNode systemd[1]: Started Restore /etc/resolv.conf if the system crashed before the ppp link was shut down.
Mar  7 09:41:40 ManageNode grub-common[371]:  * Recording successful boot for GRUB
Mar  7 09:41:40 ManageNode apport[365]:  * Starting automatic crash report generation: apport
Mar  7 09:41:40 ManageNode grub-common[371]:    ...done.
Mar  7 09:41:40 ManageNode snapd[381]: daemon.go:347: started snapd/2.49.2+18.04 (series 16; classic) ubuntu/18.04 (amd64) linux/5.4.0-84-generic.
Mar  7 09:41:40 ManageNode speech-dispatcher[416]:  * speech-dispatcher disabled; edit /etc/default/speech-dispatcher
Mar  7 09:41:40 ManageNode systemd[1]: Started LSB: Record successful boot for GRUB.
Mar  7 09:41:40 ManageNode systemd[1]: Started LSB: Speech Dispatcher.
Mar  7 09:41:40 ManageNode apport[365]:    ...done.
Mar  7 09:41:40 ManageNode systemd[1]: Started LSB: automatic crash report generation.
Mar  7 09:41:40 ManageNode systemd[1]: Started Avahi mDNS/DNS-SD Stack.
Mar  7 09:41:40 ManageNode systemd[1]: Started WPA supplicant.
Mar  7 09:41:40 ManageNode systemd[1]: Started Detect the available GPUs and deal with any system changes.
Mar  7 09:41:40 ManageNode systemd[1]: Starting Authorization Manager...
Mar  7 09:41:40 ManageNode systemd[1]: Started Make remote CUPS printers available locally.
Mar  7 09:41:40 ManageNode snapd[381]: daemon.go:440: adjusting startup timeout by 30s (pessimistic estimate of 30s plus 5s per snap)
Mar  7 09:41:40 ManageNode NetworkManager[436]: <info>  [1709775700.2646] NetworkManager (version 1.10.6) is starting... (for the first time)
Mar  7 09:41:40 ManageNode NetworkManager[436]: <info>  [1709775700.2651] Read config: /etc/NetworkManager/NetworkManager.conf (lib: 10-dns-resolved.conf, 20-connectivity-ubuntu.conf, no-mac-addr-change.conf) (run: 10-globally-managed-devices.conf) (etc: default-wifi-powersave-on.conf)
Mar  7 09:41:40 ManageNode NetworkManager[436]: <info>  [1709775700.2746] manager[0x557ac4227060]: monitoring kernel firmware directory '/lib/firmware'.
Mar  7 09:41:40 ManageNode NetworkManager[436]: <info>  [1709775700.2751] monitoring ifupdown state file '/run/network/ifstate'.
Mar  7 09:41:40 ManageNode dbus-daemon[431]: [system] Activating via systemd: service name='org.freedesktop.hostname1' unit='dbus-org.freedesktop.hostname1.service' requested by ':1.11' (uid=0 pid=436 comm="/usr/sbin/NetworkManager --no-daemon " label="unconfined")
Mar  7 09:41:40 ManageNode polkitd[472]: started daemon version 0.105 using authority implementation `local' version `0.105'
Mar  7 09:41:40 ManageNode systemd[1]: Starting Hostname Service...
Mar  7 09:41:40 ManageNode dbus-daemon[431]: [system] Successfully activated service 'org.freedesktop.PolicyKit1'
Mar  7 09:41:40 ManageNode systemd[1]: Started Authorization Manager.
Mar  7 09:41:40 ManageNode accounts-daemon[401]: started daemon version 0.6.45
Mar  7 09:41:40 ManageNode systemd[1]: Started Accounts Service.
Mar  7 09:41:40 ManageNode snapd[381]: helpers.go:105: error trying to compare the snap system key: system-key missing on disk
Mar  7 09:41:40 ManageNode systemd[1]: Started Modem Manager.
Mar  7 09:41:40 ManageNode dbus-daemon[431]: [system] Successfully activated service 'org.freedesktop.hostname1'
Mar  7 09:41:40 ManageNode systemd[1]: Started Hostname Service.
Mar  7 09:41:40 ManageNode NetworkManager[436]: <info>  [1709775700.3539] hostname: hostname: using hostnamed
Mar  7 09:41:40 ManageNode NetworkManager[436]: <info>  [1709775700.3539] hostname: hostname changed from (none) to "ManageNode"
Mar  7 09:41:40 ManageNode NetworkManager[436]: <info>  [1709775700.3541] dns-mgr[0x557ac421a1a0]: init: dns=systemd-resolved, rc-manager=symlink, plugin=systemd-resolved
Mar  7 09:41:40 ManageNode NetworkManager[436]: <info>  [1709775700.3544] manager[0x557ac4227060]: rfkill: WiFi hardware radio set enabled
Mar  7 09:41:40 ManageNode NetworkManager[436]: <info>  [1709775700.3544] manager[0x557ac4227060]: rfkill: WWAN hardware radio set enabled
Mar  7 09:41:40 ManageNode systemd[1]: Started Network Manager.
Mar  7 09:41:40 ManageNode systemd[1]: Reached target Network.
Mar  7 09:41:40 ManageNode systemd[1]: Started Unattended Upgrades Shutdown.
Mar  7 09:41:40 ManageNode systemd[1]: Starting Permit User Sessions...
Mar  7 09:41:40 ManageNode dbus-daemon[431]: [system] Activating via systemd: service name='org.freedesktop.nm_dispatcher' unit='dbus-org.freedesktop.nm-dispatcher.service' requested by ':1.11' (uid=0 pid=436 comm="/usr/sbin/NetworkManager --no-daemon " label="unconfined")
Mar  7 09:41:40 ManageNode systemd[1]: Starting Network Manager Wait Online...
Mar  7 09:41:40 ManageNode systemd[1]: Started Permit User Sessions.
Mar  7 09:41:40 ManageNode systemd[1]: Starting Network Manager Script Dispatcher Service...
Mar  7 09:41:40 ManageNode systemd[1]: Starting GNOME Display Manager...
Mar  7 09:41:40 ManageNode systemd[1]: Starting Hold until boot process finishes up...
Mar  7 09:41:40 ManageNode systemd[1]: Started Snap Daemon.
Mar  7 09:41:40 ManageNode dbus-daemon[431]: [system] Successfully activated service 'org.freedesktop.nm_dispatcher'
Mar  7 09:41:40 ManageNode NetworkManager[436]: <info>  [1709775700.4370] init!
Mar  7 09:41:40 ManageNode NetworkManager[436]: <info>  [1709775700.4371]       interface-parser: parsing file /etc/network/interfaces
Mar  7 09:41:40 ManageNode NetworkManager[436]: <info>  [1709775700.4371]       interface-parser: finished parsing file /etc/network/interfaces
Mar  7 09:41:40 ManageNode NetworkManager[436]: <info>  [1709775700.4371] management mode: unmanaged
Mar  7 09:41:40 ManageNode NetworkManager[436]: <info>  [1709775700.4373] devices added (path: /sys/devices/pci0000:00/0000:00:03.0/net/enp0s3, iface: enp0s3)
Mar  7 09:41:40 ManageNode NetworkManager[436]: <info>  [1709775700.4373] device added (path: /sys/devices/pci0000:00/0000:00:03.0/net/enp0s3, iface: enp0s3): no ifupdown configuration found.
Mar  7 09:41:40 ManageNode NetworkManager[436]: <info>  [1709775700.4373] devices added (path: /sys/devices/virtual/net/lo, iface: lo)
Mar  7 09:41:40 ManageNode NetworkManager[436]: <info>  [1709775700.4374] device added (path: /sys/devices/virtual/net/lo, iface: lo): no ifupdown configuration found.
Mar  7 09:41:40 ManageNode NetworkManager[436]: <info>  [1709775700.4374] end _init.
Mar  7 09:41:40 ManageNode NetworkManager[436]: <info>  [1709775700.4374] settings: loaded plugin ifupdown: (C) 2008 Canonical Ltd.  To report bugs please use the NetworkManager mailing list. (/usr/lib/x86_64-linux-gnu/NetworkManager/libnm-settings-plugin-ifupdown.so)
Mar  7 09:41:40 ManageNode NetworkManager[436]: <info>  [1709775700.4374] settings: loaded plugin keyfile: (c) 2007 - 2016 Red Hat, Inc.  To report bugs please use the NetworkManager mailing list.
Mar  7 09:41:40 ManageNode NetworkManager[436]: <info>  [1709775700.4374] (-1004131200) ... get_connections.
Mar  7 09:41:40 ManageNode NetworkManager[436]: <info>  [1709775700.4374] (-1004131200) ... get_connections (managed=false): return empty list.
Mar  7 09:41:40 ManageNode NetworkManager[436]: <info>  [1709775700.4384] get unmanaged devices count: 0
Mar  7 09:41:40 ManageNode NetworkManager[436]: <info>  [1709775700.4384] manager: rfkill: WiFi enabled by radio killswitch; enabled by state file
Mar  7 09:41:40 ManageNode NetworkManager[436]: <info>  [1709775700.4385] manager: rfkill: WWAN enabled by radio killswitch; enabled by state file
Mar  7 09:41:40 ManageNode NetworkManager[436]: <info>  [1709775700.4385] manager: Networking is enabled by state file
Mar  7 09:41:40 ManageNode NetworkManager[436]: <info>  [1709775700.4386] dhcp-init: Using DHCP client 'dhclient'
Mar  7 09:41:40 ManageNode nm-dispatcher: req:1 'hostname': new request (1 scripts)
Mar  7 09:41:40 ManageNode NetworkManager[436]: <info>  [1709775700.4399] Loaded device plugin: NMBondDeviceFactory (internal)
Mar  7 09:41:40 ManageNode NetworkManager[436]: <info>  [1709775700.4399] Loaded device plugin: NMBridgeDeviceFactory (internal)
Mar  7 09:41:40 ManageNode NetworkManager[436]: <info>  [1709775700.4400] Loaded device plugin: NMDummyDeviceFactory (internal)
Mar  7 09:41:40 ManageNode NetworkManager[436]: <info>  [1709775700.4400] Loaded device plugin: NMEthernetDeviceFactory (internal)
Mar  7 09:41:40 ManageNode NetworkManager[436]: <info>  [1709775700.4400] Loaded device plugin: NMInfinibandDeviceFactory (internal)
Mar  7 09:41:40 ManageNode NetworkManager[436]: <info>  [1709775700.4400] Loaded device plugin: NMIPTunnelDeviceFactory (internal)
Mar  7 09:41:40 ManageNode NetworkManager[436]: <info>  [1709775700.4400] Loaded device plugin: NMMacsecDeviceFactory (internal)
Mar  7 09:41:40 ManageNode NetworkManager[436]: <info>  [1709775700.4400] Loaded device plugin: NMMacvlanDeviceFactory (internal)
Mar  7 09:41:40 ManageNode NetworkManager[436]: <info>  [1709775700.4400] Loaded device plugin: NMPppDeviceFactory (internal)
Mar  7 09:41:40 ManageNode NetworkManager[436]: <info>  [1709775700.4400] Loaded device plugin: NMTunDeviceFactory (internal)
Mar  7 09:41:40 ManageNode NetworkManager[436]: <info>  [1709775700.4400] Loaded device plugin: NMVethDeviceFactory (internal)
Mar  7 09:41:40 ManageNode NetworkManager[436]: <info>  [1709775700.4400] Loaded device plugin: NMVlanDeviceFactory (internal)
Mar  7 09:41:40 ManageNode NetworkManager[436]: <info>  [1709775700.4400] Loaded device plugin: NMVxlanDeviceFactory (internal)
Mar  7 09:41:40 ManageNode nm-dispatcher: req:1 'hostname': start running ordered scripts...
Mar  7 09:41:40 ManageNode NetworkManager[436]: <info>  [1709775700.4414] Loaded device plugin: NMAtmManager (/usr/lib/x86_64-linux-gnu/NetworkManager/libnm-device-plugin-adsl.so)
Mar  7 09:41:40 ManageNode NetworkManager[436]: <info>  [1709775700.4435] Loaded device plugin: NMWifiFactory (/usr/lib/x86_64-linux-gnu/NetworkManager/libnm-device-plugin-wifi.so)
Mar  7 09:41:40 ManageNode NetworkManager[436]: <info>  [1709775700.4489] Loaded device plugin: NMBluezManager (/usr/lib/x86_64-linux-gnu/NetworkManager/libnm-device-plugin-bluetooth.so)
Mar  7 09:41:40 ManageNode systemd[1]: Started Network Manager Script Dispatcher Service.
Mar  7 09:41:40 ManageNode NetworkManager[436]: <info>  [1709775700.4522] Loaded device plugin: NMWwanFactory (/usr/lib/x86_64-linux-gnu/NetworkManager/libnm-device-plugin-wwan.so)
Mar  7 09:41:40 ManageNode NetworkManager[436]: <info>  [1709775700.4561] Loaded device plugin: NMTeamFactory (/usr/lib/x86_64-linux-gnu/NetworkManager/libnm-device-plugin-team.so)
Mar  7 09:41:40 ManageNode NetworkManager[436]: <info>  [1709775700.4633] device (lo): carrier: link connected
Mar  7 09:41:40 ManageNode systemd[1]: Starting Wait until snapd is fully seeded...
Mar  7 09:41:40 ManageNode NetworkManager[436]: <info>  [1709775700.4712] manager: (lo): new Generic device (/org/freedesktop/NetworkManager/Devices/1)
Mar  7 09:41:40 ManageNode systemd[1]: Started GNOME Display Manager.
Mar  7 09:41:40 ManageNode NetworkManager[436]: <info>  [1709775700.4785] manager: (enp0s3): new Ethernet device (/org/freedesktop/NetworkManager/Devices/2)
Mar  7 09:41:40 ManageNode NetworkManager[436]: <info>  [1709775700.4950] keyfile: add connection in-memory (4b425541-33d6-3340-b1e2-7fd909cbdd32,"Wired connection 1")
Mar  7 09:41:40 ManageNode NetworkManager[436]: <info>  [1709775700.5017] settings: (enp0s3): created default wired connection 'Wired connection 1'
Mar  7 09:41:40 ManageNode NetworkManager[436]: <info>  [1709775700.5116] device (enp0s3): state change: unmanaged -> unavailable (reason 'managed', sys-iface-state: 'external')
Mar  7 09:41:40 ManageNode NetworkManager[436]: <info>  [1709775700.5883] modem-manager: ModemManager available
Mar  7 09:41:40 ManageNode networkd-dispatcher[409]: WARNING: systemd-networkd is not running, output will be incomplete.
Mar  7 09:41:40 ManageNode systemd[1]: Started Dispatcher daemon for systemd-networkd.
Mar  7 09:41:40 ManageNode systemd[1]: Created slice User Slice of gdm.
Mar  7 09:41:40 ManageNode systemd[1]: Starting User Manager for UID 121...
Mar  7 09:41:40 ManageNode systemd[1]: Started Session c1 of user gdm.
Mar  7 09:41:40 ManageNode systemd[1]: Started Disk Manager.
Mar  7 09:41:40 ManageNode udisksd[366]: Acquired the name org.freedesktop.UDisks2 on the system message bus
Mar  7 09:41:40 ManageNode systemd[539]: Listening on REST API socket for snapd user session agent.
Mar  7 09:41:40 ManageNode systemd[539]: Started Pending report trigger for Ubuntu Report.
Mar  7 09:41:40 ManageNode systemd[539]: Listening on GnuPG cryptographic agent and passphrase cache.
Mar  7 09:41:40 ManageNode systemd[539]: Reached target Timers.
Mar  7 09:41:40 ManageNode systemd[539]: Listening on GnuPG cryptographic agent (ssh-agent emulation).
Mar  7 09:41:40 ManageNode systemd[539]: Listening on GnuPG network certificate management daemon.
Mar  7 09:41:40 ManageNode systemd[539]: Listening on Sound System.
Mar  7 09:41:40 ManageNode systemd[539]: Starting D-Bus User Message Bus Socket.
Mar  7 09:41:40 ManageNode systemd[539]: Listening on GnuPG cryptographic agent and passphrase cache (restricted).
Mar  7 09:41:40 ManageNode systemd[539]: Reached target Paths.
Mar  7 09:41:40 ManageNode systemd[539]: Listening on GnuPG cryptographic agent and passphrase cache (access for web browsers).
Mar  7 09:41:40 ManageNode systemd[539]: Listening on D-Bus User Message Bus Socket.
Mar  7 09:41:40 ManageNode systemd[539]: Reached target Sockets.
Mar  7 09:41:40 ManageNode systemd[539]: Reached target Basic System.
Mar  7 09:41:40 ManageNode systemd[1]: Started User Manager for UID 121.
Mar  7 09:41:40 ManageNode systemd[539]: Reached target Default.
Mar  7 09:41:40 ManageNode systemd[539]: Startup finished in 69ms.
Mar  7 09:41:40 ManageNode systemd[539]: Started D-Bus User Message Bus.
Mar  7 09:41:40 ManageNode dbus-daemon[559]: [session uid=121 pid=559] AppArmor D-Bus mediation is enabled
Mar  7 09:41:40 ManageNode systemd-udevd[271]: link_config: autonegotiation is unset or enabled, the speed and duplex are not writable.
Mar  7 09:41:40 ManageNode kernel: [    3.415287] vboxguest: loading out-of-tree module taints kernel.
Mar  7 09:41:41 ManageNode kernel: [    3.519957] vgdrvHeartbeatInit: Setting up heartbeat to trigger every 2000 milliseconds
Mar  7 09:41:41 ManageNode kernel: [    3.520099] input: Unspecified device as /devices/pci0000:00/0000:00:04.0/input/input7
Mar  7 09:41:41 ManageNode mtp-probe: checking bus 2, device 2: "/sys/devices/pci0000:00/0000:00:06.0/usb2/2-1"
Mar  7 09:41:41 ManageNode mtp-probe: bus: 2, device: 2 was not an MTP device
Mar  7 09:41:41 ManageNode avahi-daemon[390]: Server startup complete. Host name is ManageNode.local. Local service cookie is 856385866.
Mar  7 09:41:41 ManageNode kernel: [    3.543625] vboxguest: Successfully loaded version 6.1.22_Ubuntu r144080
Mar  7 09:41:41 ManageNode kernel: [    3.543651] vboxguest: misc device minor 58, IRQ 20, I/O port d040, MMIO at 00000000f0400000 (size 0x400000)
Mar  7 09:41:41 ManageNode kernel: [    3.543652] vboxguest: Successfully loaded version 6.1.22_Ubuntu r144080 (interface 0x00010004)
Mar  7 09:41:41 ManageNode NetworkManager[436]: <info>  [1709775701.0874] devices added (path: /sys/devices/pci0000:00/0000:00:03.0/net/enp0s3, iface: enp0s3)
Mar  7 09:41:41 ManageNode NetworkManager[436]: <info>  [1709775701.0874] device added (path: /sys/devices/pci0000:00/0000:00:03.0/net/enp0s3, iface: enp0s3): no ifupdown configuration found.
Mar  7 09:41:41 ManageNode dbus-daemon[559]: [session uid=121 pid=559] Activating service name='org.freedesktop.secrets' requested by ':1.13' (uid=121 pid=577 comm="/usr/bin/python3 /usr/share/session-migration/scri" label="unconfined")
Mar  7 09:41:41 ManageNode gnome-keyring-d[588]: couldn't access control socket: /run/user/121/keyring/control: No such file or directory
Mar  7 09:41:41 ManageNode dbus-daemon[559]: [session uid=121 pid=559] Successfully activated service 'org.freedesktop.secrets'
Mar  7 09:41:41 ManageNode kernel: [    3.890424] RAPL PMU: API unit is 2^-32 Joules, 0 fixed counters, 10737418240 ms ovfl timer
Mar  7 09:41:41 ManageNode kernel: [    3.932988] [drm] DMA map mode: Caching DMA mappings.
Mar  7 09:41:41 ManageNode kernel: [    3.933017] [drm] Capabilities:
Mar  7 09:41:41 ManageNode kernel: [    3.933017] [drm]   Rect copy.
Mar  7 09:41:41 ManageNode kernel: [    3.933017] [drm]   Cursor.
Mar  7 09:41:41 ManageNode kernel: [    3.933018] [drm]   Cursor bypass.
Mar  7 09:41:41 ManageNode kernel: [    3.933018] [drm]   Cursor bypass 2.
Mar  7 09:41:41 ManageNode kernel: [    3.933018] [drm]   Alpha cursor.
Mar  7 09:41:41 ManageNode kernel: [    3.933018] [drm]   Extended Fifo.
Mar  7 09:41:41 ManageNode kernel: [    3.933019] [drm]   Pitchlock.
Mar  7 09:41:41 ManageNode kernel: [    3.933019] [drm]   Irq mask.
Mar  7 09:41:41 ManageNode kernel: [    3.933019] [drm]   GMR.
Mar  7 09:41:41 ManageNode kernel: [    3.933019] [drm]   Traces.
Mar  7 09:41:41 ManageNode kernel: [    3.933020] [drm]   GMR2.
Mar  7 09:41:41 ManageNode kernel: [    3.933020] [drm]   Screen Object 2.
Mar  7 09:41:41 ManageNode kernel: [    3.933020] [drm]   Command Buffers.
Mar  7 09:41:41 ManageNode kernel: [    3.933021] [drm] Max GMR ids is 8192
Mar  7 09:41:41 ManageNode kernel: [    3.933021] [drm] Max number of GMR pages is 1048576
Mar  7 09:41:41 ManageNode kernel: [    3.933022] [drm] Max dedicated hypervisor surface memory is 507904 kiB
Mar  7 09:41:41 ManageNode kernel: [    3.933022] [drm] Maximum display memory size is 16384 kiB
Mar  7 09:41:41 ManageNode kernel: [    3.933022] [drm] VRAM at 0xe0000000 size is 16384 kiB
Mar  7 09:41:41 ManageNode kernel: [    3.933023] [drm] MMIO at 0xf0000000 size is 2048 kiB
Mar  7 09:41:41 ManageNode kernel: [    3.963674] [TTM] Zone  kernel: Available graphics memory: 2015424 KiB
Mar  7 09:41:41 ManageNode kernel: [    3.963675] [TTM] Initializing pool allocator
Mar  7 09:41:41 ManageNode kernel: [    3.963677] [TTM] Initializing DMA pool allocator
Mar  7 09:41:41 ManageNode kernel: [    3.963693] [drm] Supports vblank timestamp caching Rev 2 (21.10.2013).
Mar  7 09:41:41 ManageNode kernel: [    3.963693] [drm] No driver support for vblank timestamp query.
Mar  7 09:41:41 ManageNode kernel: [    3.963860] [drm] Screen Objects Display Unit initialized
Mar  7 09:41:41 ManageNode kernel: [    3.963949] [drm] width 720
Mar  7 09:41:41 ManageNode kernel: [    3.963957] [drm] height 400
Mar  7 09:41:41 ManageNode kernel: [    3.963959] [drm] bpp 32
Mar  7 09:41:41 ManageNode kernel: [    3.964083] [drm] Fifo max 0x00200000 min 0x00001000 cap 0x00000355
Mar  7 09:41:41 ManageNode kernel: [    3.964903] cryptd: max_cpu_qlen set to 1000
Mar  7 09:41:41 ManageNode kernel: [    3.965198] [drm] Using command buffers with DMA pool.
Mar  7 09:41:41 ManageNode kernel: [    3.965205] [drm] DX: no.
Mar  7 09:41:41 ManageNode kernel: [    3.965205] [drm] Atomic: yes.
Mar  7 09:41:41 ManageNode kernel: [    3.965205] [drm] SM4_1: no.
Mar  7 09:41:41 ManageNode kernel: [    3.965220] [drm:vmw_host_log [vmwgfx]] *ERROR* Failed to send host log message.
Mar  7 09:41:41 ManageNode kernel: [    3.965230] [drm:vmw_host_log [vmwgfx]] *ERROR* Failed to send host log message.
Mar  7 09:41:41 ManageNode dbus-daemon[431]: [system] Activating via systemd: service name='org.freedesktop.UPower' unit='upower.service' requested by ':1.26' (uid=121 pid=607 comm="/usr/bin/gnome-shell " label="unconfined")
Mar  7 09:41:41 ManageNode systemd[1]: Starting Daemon for power management...
Mar  7 09:41:41 ManageNode kernel: [    4.008830] fbcon: svgadrmfb (fb0) is primary device
Mar  7 09:41:41 ManageNode kernel: [    4.008870] Console: switching to colour frame buffer device 100x37
Mar  7 09:41:41 ManageNode kernel: [    4.009457] [drm] Initialized vmwgfx 2.15.0 20180704 for 0000:00:02.0 on minor 0
Mar  7 09:41:41 ManageNode dbus-daemon[431]: [system] Successfully activated service 'org.freedesktop.UPower'
Mar  7 09:41:41 ManageNode systemd[1]: Started Daemon for power management.
Mar  7 09:41:41 ManageNode gnome-shell[607]: Failed to create backend: Could not find a primary drm kms device
Mar  7 09:41:41 ManageNode gnome-session[561]: gnome-session-binary[561]: WARNING: App 'org.gnome.Shell.desktop' exited with code 1
Mar  7 09:41:41 ManageNode gnome-session-binary[561]: WARNING: App 'org.gnome.Shell.desktop' exited with code 1
Mar  7 09:41:41 ManageNode gnome-session-binary[561]: Unrecoverable failure in required component org.gnome.Shell.desktop
Mar  7 09:41:41 ManageNode gdm3: GdmDisplay: display lasted 1.058281 seconds
Mar  7 09:41:41 ManageNode systemd[1]: Listening on Load/Save RF Kill Switch Status /dev/rfkill Watch.
Mar  7 09:41:41 ManageNode systemd[1]: Stopping User Manager for UID 121...
Mar  7 09:41:41 ManageNode systemd[539]: Stopped target Default.
Mar  7 09:41:41 ManageNode systemd[539]: Stopping D-Bus User Message Bus...
Mar  7 09:41:41 ManageNode systemd-udevd[275]: link_config: autonegotiation is unset or enabled, the speed and duplex are not writable.
Mar  7 09:41:41 ManageNode systemd[539]: Stopped D-Bus User Message Bus.
Mar  7 09:41:41 ManageNode systemd[539]: Stopped target Basic System.
Mar  7 09:41:41 ManageNode systemd[539]: Stopped target Sockets.
Mar  7 09:41:41 ManageNode systemd[539]: Closed GnuPG cryptographic agent and passphrase cache (access for web browsers).
Mar  7 09:41:41 ManageNode systemd[539]: Closed Sound System.
Mar  7 09:41:41 ManageNode systemd[539]: Closed REST API socket for snapd user session agent.
Mar  7 09:41:41 ManageNode systemd[539]: Closed GnuPG network certificate management daemon.
Mar  7 09:41:41 ManageNode systemd[539]: Closed GnuPG cryptographic agent and passphrase cache (restricted).
Mar  7 09:41:41 ManageNode systemd[539]: Closed GnuPG cryptographic agent and passphrase cache.
Mar  7 09:41:41 ManageNode systemd[539]: Closed GnuPG cryptographic agent (ssh-agent emulation).
Mar  7 09:41:41 ManageNode systemd[539]: Stopped target Paths.
Mar  7 09:41:41 ManageNode gdm3: Child process -557 was already dead.
Mar  7 09:41:41 ManageNode gdm3: Child process 524 was already dead.
Mar  7 09:41:41 ManageNode gdm3: Unable to kill session worker process
Mar  7 09:41:41 ManageNode systemd[1]: Started Hold until boot process finishes up.
Mar  7 09:41:41 ManageNode systemd[1]: Received SIGRTMIN+21 from PID 298 (n/a).
Mar  7 09:41:41 ManageNode systemd[1]: Starting Set console scheme...
Mar  7 09:41:41 ManageNode systemd[539]: Stopped Pending report trigger for Ubuntu Report.
Mar  7 09:41:41 ManageNode systemd[539]: Stopped target Timers.
Mar  7 09:41:41 ManageNode systemd[539]: Closed D-Bus User Message Bus Socket.
Mar  7 09:41:41 ManageNode systemd[539]: Reached target Shutdown.
Mar  7 09:41:41 ManageNode systemd[539]: Starting Exit the Session...
Mar  7 09:41:41 ManageNode systemd[539]: Started Exit the Session.
Mar  7 09:41:41 ManageNode systemd[539]: Received SIGRTMIN+24 from PID 638 (n/a).
Mar  7 09:41:41 ManageNode systemd[1]: Started Set console scheme.
Mar  7 09:41:41 ManageNode systemd[1]: Created slice system-getty.slice.
Mar  7 09:41:41 ManageNode systemd[1]: Stopped User Manager for UID 121.
Mar  7 09:41:41 ManageNode systemd[1]: Removed slice User Slice of gdm.
Mar  7 09:41:41 ManageNode kernel: [    4.129182] AVX2 version of gcm_enc/dec engaged.
Mar  7 09:41:41 ManageNode kernel: [    4.129183] AES CTR mode by8 optimization enabled
Mar  7 09:41:41 ManageNode systemd[1]: Created slice User Slice of gdm.
Mar  7 09:41:41 ManageNode systemd[1]: Started Session c2 of user gdm.
Mar  7 09:41:41 ManageNode systemd[1]: Starting User Manager for UID 121...
Mar  7 09:41:41 ManageNode NetworkManager[436]: <info>  [1709775701.7469] devices added (path: /sys/devices/virtual/net/lo, iface: lo)
Mar  7 09:41:41 ManageNode NetworkManager[436]: <info>  [1709775701.7469] device added (path: /sys/devices/virtual/net/lo, iface: lo): no ifupdown configuration found.
Mar  7 09:41:41 ManageNode systemd[657]: Reached target Timers.
Mar  7 09:41:41 ManageNode systemd[657]: Listening on Sound System.
Mar  7 09:41:41 ManageNode systemd[657]: Listening on REST API socket for snapd user session agent.
Mar  7 09:41:41 ManageNode systemd[657]: Listening on GnuPG cryptographic agent and passphrase cache (restricted).
Mar  7 09:41:41 ManageNode systemd[657]: Listening on GnuPG network certificate management daemon.
Mar  7 09:41:41 ManageNode systemd[657]: Started Pending report trigger for Ubuntu Report.
Mar  7 09:41:41 ManageNode systemd[657]: Listening on GnuPG cryptographic agent and passphrase cache (access for web browsers).
Mar  7 09:41:41 ManageNode systemd[657]: Listening on GnuPG cryptographic agent (ssh-agent emulation).
Mar  7 09:41:41 ManageNode systemd[657]: Listening on GnuPG cryptographic agent and passphrase cache.
Mar  7 09:41:41 ManageNode systemd[657]: Starting D-Bus User Message Bus Socket.
Mar  7 09:41:41 ManageNode systemd[657]: Reached target Paths.
Mar  7 09:41:41 ManageNode systemd[657]: Listening on D-Bus User Message Bus Socket.
Mar  7 09:41:41 ManageNode systemd[657]: Reached target Sockets.
Mar  7 09:41:41 ManageNode systemd[657]: Reached target Basic System.
Mar  7 09:41:41 ManageNode systemd[1]: Started User Manager for UID 121.
Mar  7 09:41:41 ManageNode systemd[657]: Reached target Default.
Mar  7 09:41:41 ManageNode systemd[657]: Startup finished in 64ms.
Mar  7 09:41:41 ManageNode /usr/lib/gdm3/gdm-x-session[682]: (--) Log file renamed from "/var/lib/gdm3/.local/share/xorg/Xorg.pid-684.log" to "/var/lib/gdm3/.local/share/xorg/Xorg.0.log"
Mar  7 09:41:41 ManageNode /usr/lib/gdm3/gdm-x-session[682]: X.Org X Server 1.20.8
Mar  7 09:41:41 ManageNode /usr/lib/gdm3/gdm-x-session[682]: X Protocol Version 11, Revision 0
Mar  7 09:41:41 ManageNode /usr/lib/gdm3/gdm-x-session[682]: Build Operating System: Linux 4.15.0-140-generic x86_64 Ubuntu
Mar  7 09:41:41 ManageNode /usr/lib/gdm3/gdm-x-session[682]: Current Operating System: Linux ManageNode 5.4.0-84-generic #94~18.04.1-Ubuntu SMP Thu Aug 26 23:17:46 UTC 2021 x86_64
Mar  7 09:41:41 ManageNode /usr/lib/gdm3/gdm-x-session[682]: Kernel command line: BOOT_IMAGE=/boot/vmlinuz-5.4.0-84-generic root=UUID=fe70473f-2e68-425a-b406-83d7042dd58b ro quiet splash
Mar  7 09:41:41 ManageNode /usr/lib/gdm3/gdm-x-session[682]: Build Date: 08 April 2021  01:40:27PM
Mar  7 09:41:41 ManageNode /usr/lib/gdm3/gdm-x-session[682]: xorg-server-hwe-18.04 2:1.20.8-2ubuntu2.2~18.04.5 (For technical support please see http://www.ubuntu.com/support)
Mar  7 09:41:41 ManageNode /usr/lib/gdm3/gdm-x-session[682]: Current version of pixman: 0.34.0
Mar  7 09:41:41 ManageNode /usr/lib/gdm3/gdm-x-session[682]: #011Before reporting problems, check http://wiki.x.org
Mar  7 09:41:41 ManageNode /usr/lib/gdm3/gdm-x-session[682]: #011to make sure that you have the latest version.
Mar  7 09:41:41 ManageNode /usr/lib/gdm3/gdm-x-session[682]: Markers: (--) probed, (**) from config file, (==) default setting,
Mar  7 09:41:41 ManageNode /usr/lib/gdm3/gdm-x-session[682]: #011(++) from command line, (!!) notice, (II) informational,
Mar  7 09:41:41 ManageNode /usr/lib/gdm3/gdm-x-session[682]: #011(WW) warning, (EE) error, (NI) not implemented, (??) unknown.
Mar  7 09:41:41 ManageNode /usr/lib/gdm3/gdm-x-session[682]: (==) Log file: "/var/lib/gdm3/.local/share/xorg/Xorg.0.log", Time: Thu Mar  7 09:41:41 2024
Mar  7 09:41:41 ManageNode /usr/lib/gdm3/gdm-x-session[682]: (==) Using system config directory "/usr/share/X11/xorg.conf.d"
Mar  7 09:41:41 ManageNode /usr/lib/gdm3/gdm-x-session[682]: (==) No Layout section.  Using the first Screen section.
Mar  7 09:41:41 ManageNode /usr/lib/gdm3/gdm-x-session[682]: (==) No screen section available. Using defaults.
Mar  7 09:41:41 ManageNode /usr/lib/gdm3/gdm-x-session[682]: (**) |-->Screen "Default Screen Section" (0)
Mar  7 09:41:41 ManageNode /usr/lib/gdm3/gdm-x-session[682]: (**) |   |-->Monitor "<default monitor>"
Mar  7 09:41:41 ManageNode /usr/lib/gdm3/gdm-x-session[682]: (==) No monitor specified for screen "Default Screen Section".
Mar  7 09:41:41 ManageNode /usr/lib/gdm3/gdm-x-session[682]: #011Using a default monitor configuration.
Mar  7 09:41:41 ManageNode /usr/lib/gdm3/gdm-x-session[682]: (==) Automatically adding devices
Mar  7 09:41:41 ManageNode /usr/lib/gdm3/gdm-x-session[682]: (==) Automatically enabling devices
Mar  7 09:41:41 ManageNode /usr/lib/gdm3/gdm-x-session[682]: (==) Automatically adding GPU devices
Mar  7 09:41:41 ManageNode /usr/lib/gdm3/gdm-x-session[682]: (==) Automatically binding GPU devices
Mar  7 09:41:41 ManageNode /usr/lib/gdm3/gdm-x-session[682]: (==) Max clients allowed: 256, resource mask: 0x1fffff
Mar  7 09:41:41 ManageNode /usr/lib/gdm3/gdm-x-session[682]: (WW) The directory "/usr/share/fonts/X11/cyrillic" does not exist.
Mar  7 09:41:41 ManageNode /usr/lib/gdm3/gdm-x-session[682]: #011Entry deleted from font path.
Mar  7 09:41:41 ManageNode /usr/lib/gdm3/gdm-x-session[682]: (WW) The directory "/usr/share/fonts/X11/100dpi/" does not exist.
Mar  7 09:41:41 ManageNode /usr/lib/gdm3/gdm-x-session[682]: #011Entry deleted from font path.
Mar  7 09:41:41 ManageNode /usr/lib/gdm3/gdm-x-session[682]: (WW) The directory "/usr/share/fonts/X11/75dpi/" does not exist.
Mar  7 09:41:41 ManageNode /usr/lib/gdm3/gdm-x-session[682]: #011Entry deleted from font path.
Mar  7 09:41:41 ManageNode /usr/lib/gdm3/gdm-x-session[682]: (WW) The directory "/usr/share/fonts/X11/100dpi" does not exist.
Mar  7 09:41:41 ManageNode /usr/lib/gdm3/gdm-x-session[682]: #011Entry deleted from font path.
Mar  7 09:41:41 ManageNode /usr/lib/gdm3/gdm-x-session[682]: (WW) The directory "/usr/share/fonts/X11/75dpi" does not exist.
Mar  7 09:41:41 ManageNode /usr/lib/gdm3/gdm-x-session[682]: #011Entry deleted from font path.
Mar  7 09:41:41 ManageNode /usr/lib/gdm3/gdm-x-session[682]: (==) FontPath set to:
Mar  7 09:41:41 ManageNode /usr/lib/gdm3/gdm-x-session[682]: #011/usr/share/fonts/X11/misc,
Mar  7 09:41:41 ManageNode /usr/lib/gdm3/gdm-x-session[682]: #011/usr/share/fonts/X11/Type1,
Mar  7 09:41:41 ManageNode /usr/lib/gdm3/gdm-x-session[682]: #011built-ins
Mar  7 09:41:41 ManageNode /usr/lib/gdm3/gdm-x-session[682]: (==) ModulePath set to "/usr/lib/xorg/modules"
Mar  7 09:41:41 ManageNode /usr/lib/gdm3/gdm-x-session[682]: (II) The server relies on udev to provide the list of input devices.
Mar  7 09:41:41 ManageNode /usr/lib/gdm3/gdm-x-session[682]: #011If no devices become available, reconfigure udev or disable AutoAddDevices.
Mar  7 09:41:41 ManageNode /usr/lib/gdm3/gdm-x-session[682]: (II) Loader magic: 0x55c288673020
Mar  7 09:41:41 ManageNode /usr/lib/gdm3/gdm-x-session[682]: (II) Module ABI versions:
Mar  7 09:41:41 ManageNode /usr/lib/gdm3/gdm-x-session[682]: #011X.Org ANSI C Emulation: 0.4
Mar  7 09:41:41 ManageNode /usr/lib/gdm3/gdm-x-session[682]: #011X.Org Video Driver: 24.1
Mar  7 09:41:41 ManageNode /usr/lib/gdm3/gdm-x-session[682]: #011X.Org XInput driver : 24.1
Mar  7 09:41:41 ManageNode /usr/lib/gdm3/gdm-x-session[682]: #011X.Org Server Extension : 10.0
Mar  7 09:41:41 ManageNode /usr/lib/gdm3/gdm-x-session[682]: (++) using VT number 1
Mar  7 09:41:41 ManageNode /usr/lib/gdm3/gdm-x-session[682]: (II) systemd-logind: took control of session /org/freedesktop/login1/session/c2
Mar  7 09:41:41 ManageNode /usr/lib/gdm3/gdm-x-session[682]: (II) xfree86: Adding drm device (/dev/dri/card0)
Mar  7 09:41:41 ManageNode /usr/lib/gdm3/gdm-x-session[682]: (II) systemd-logind: got fd for /dev/dri/card0 226:0 fd 12 paused 0
Mar  7 09:41:41 ManageNode /usr/lib/gdm3/gdm-x-session[682]: (--) PCI:*(0@0:2:0) 15ad:0405:15ad:0405 rev 0, Mem @ 0xe0000000/16777216, 0xf0000000/2097152, I/O @ 0x0000d010/16, BIOS @ 0x????????/131072
Mar  7 09:41:41 ManageNode /usr/lib/gdm3/gdm-x-session[682]: (II) LoadModule: "glx"
Mar  7 09:41:41 ManageNode /usr/lib/gdm3/gdm-x-session[682]: (II) Loading /usr/lib/xorg/modules/extensions/libglx.so
Mar  7 09:41:41 ManageNode /usr/lib/gdm3/gdm-x-session[682]: (II) Module glx: vendor="X.Org Foundation"
Mar  7 09:41:41 ManageNode /usr/lib/gdm3/gdm-x-session[682]: #011compiled for 1.20.8, module version = 1.0.0
Mar  7 09:41:41 ManageNode /usr/lib/gdm3/gdm-x-session[682]: #011ABI class: X.Org Server Extension, version 10.0
Mar  7 09:41:41 ManageNode /usr/lib/gdm3/gdm-x-session[682]: (==) Matched vmware as autoconfigured driver 0
Mar  7 09:41:41 ManageNode /usr/lib/gdm3/gdm-x-session[682]: (==) Matched modesetting as autoconfigured driver 1
Mar  7 09:41:41 ManageNode /usr/lib/gdm3/gdm-x-session[682]: (==) Matched fbdev as autoconfigured driver 2
Mar  7 09:41:41 ManageNode /usr/lib/gdm3/gdm-x-session[682]: (==) Matched vesa as autoconfigured driver 3
Mar  7 09:41:41 ManageNode /usr/lib/gdm3/gdm-x-session[682]: (==) Assigned the driver to the xf86ConfigLayout
Mar  7 09:41:41 ManageNode /usr/lib/gdm3/gdm-x-session[682]: (II) LoadModule: "vmware"
Mar  7 09:41:41 ManageNode /usr/lib/gdm3/gdm-x-session[682]: (II) Loading /usr/lib/xorg/modules/drivers/vmware_drv.so
Mar  7 09:41:41 ManageNode /usr/lib/gdm3/gdm-x-session[682]: (II) Module vmware: vendor="X.Org Foundation"
Mar  7 09:41:41 ManageNode /usr/lib/gdm3/gdm-x-session[682]: #011compiled for 1.20.1, module version = 13.3.0
Mar  7 09:41:41 ManageNode /usr/lib/gdm3/gdm-x-session[682]: #011Module class: X.Org Video Driver
Mar  7 09:41:41 ManageNode /usr/lib/gdm3/gdm-x-session[682]: #011ABI class: X.Org Video Driver, version 24.0
Mar  7 09:41:41 ManageNode /usr/lib/gdm3/gdm-x-session[682]: (II) LoadModule: "modesetting"
Mar  7 09:41:41 ManageNode /usr/lib/gdm3/gdm-x-session[682]: (II) Loading /usr/lib/xorg/modules/drivers/modesetting_drv.so
Mar  7 09:41:41 ManageNode /usr/lib/gdm3/gdm-x-session[682]: (II) Module modesetting: vendor="X.Org Foundation"
Mar  7 09:41:41 ManageNode /usr/lib/gdm3/gdm-x-session[682]: #011compiled for 1.20.8, module version = 1.20.8
Mar  7 09:41:41 ManageNode /usr/lib/gdm3/gdm-x-session[682]: #011Module class: X.Org Video Driver
Mar  7 09:41:41 ManageNode /usr/lib/gdm3/gdm-x-session[682]: #011ABI class: X.Org Video Driver, version 24.1
Mar  7 09:41:41 ManageNode /usr/lib/gdm3/gdm-x-session[682]: (II) LoadModule: "fbdev"
Mar  7 09:41:41 ManageNode /usr/lib/gdm3/gdm-x-session[682]: (II) Loading /usr/lib/xorg/modules/drivers/fbdev_drv.so
Mar  7 09:41:41 ManageNode /usr/lib/gdm3/gdm-x-session[682]: (II) Module fbdev: vendor="X.Org Foundation"
Mar  7 09:41:41 ManageNode /usr/lib/gdm3/gdm-x-session[682]: #011compiled for 1.20.1, module version = 0.5.0
Mar  7 09:41:41 ManageNode /usr/lib/gdm3/gdm-x-session[682]: #011Module class: X.Org Video Driver
Mar  7 09:41:41 ManageNode /usr/lib/gdm3/gdm-x-session[682]: #011ABI class: X.Org Video Driver, version 24.0
Mar  7 09:41:41 ManageNode /usr/lib/gdm3/gdm-x-session[682]: (II) LoadModule: "vesa"
Mar  7 09:41:41 ManageNode /usr/lib/gdm3/gdm-x-session[682]: (II) Loading /usr/lib/xorg/modules/drivers/vesa_drv.so
Mar  7 09:41:41 ManageNode /usr/lib/gdm3/gdm-x-session[682]: (II) Module vesa: vendor="X.Org Foundation"
Mar  7 09:41:41 ManageNode /usr/lib/gdm3/gdm-x-session[682]: #011compiled for 1.20.1, module version = 2.4.0
Mar  7 09:41:41 ManageNode /usr/lib/gdm3/gdm-x-session[682]: #011Module class: X.Org Video Driver
Mar  7 09:41:41 ManageNode /usr/lib/gdm3/gdm-x-session[682]: #011ABI class: X.Org Video Driver, version 24.0
Mar  7 09:41:41 ManageNode /usr/lib/gdm3/gdm-x-session[682]: (II) vmware: driver for VMware SVGA: vmware0405, vmware0710
Mar  7 09:41:41 ManageNode /usr/lib/gdm3/gdm-x-session[682]: (II) modesetting: Driver for Modesetting Kernel Drivers: kms
Mar  7 09:41:41 ManageNode /usr/lib/gdm3/gdm-x-session[682]: (II) FBDEV: driver for framebuffer: fbdev
Mar  7 09:41:41 ManageNode /usr/lib/gdm3/gdm-x-session[682]: (II) VESA: driver for VESA chipsets: vesa
